2025-08-01 04:27:50.571 [info] Reading sessions from keychain...
2025-08-01 04:27:50.571 [info] Getting sessions for all scopes...
2025-08-01 04:27:50.571 [info] Got stored sessions!
2025-08-01 04:27:50.571 [info] Got 1 verified sessions.
2025-08-01 04:27:50.571 [info] Got 1 sessions for ...
2025-08-01 04:27:50.571 [info] Getting sessions for all scopes...
2025-08-01 04:27:50.571 [info] Got 1 sessions for ...
2025-08-01 04:27:50.571 [info] Getting sessions for all scopes...
2025-08-01 04:27:50.571 [info] Got 1 sessions for ...
2025-08-01 04:27:50.571 [info] Getting sessions for all scopes...
2025-08-01 04:27:50.571 [info] Got 1 sessions for ...
2025-08-01 04:27:50.571 [info] Getting sessions for all scopes...
2025-08-01 04:27:50.571 [info] Got 1 sessions for ...
2025-08-01 04:27:50.571 [info] Getting sessions for all scopes...
2025-08-01 04:27:50.571 [info] Got 1 sessions for ...
2025-08-01 04:27:50.571 [info] Getting sessions for all scopes...
2025-08-01 04:27:50.571 [info] Got 1 sessions for ...
2025-08-01 04:27:50.571 [info] Getting sessions for all scopes...
2025-08-01 04:27:50.571 [info] Got 1 sessions for ...
2025-08-01 04:27:50.571 [info] Getting sessions for all scopes...
2025-08-01 04:27:50.571 [info] Got 1 sessions for ...
2025-08-01 04:27:50.571 [info] Getting sessions for all scopes...
2025-08-01 04:27:50.571 [info] Got 1 sessions for ...
2025-08-01 04:27:50.571 [info] Getting sessions for all scopes...
2025-08-01 04:27:50.571 [info] Got 1 sessions for ...
2025-08-01 04:27:50.571 [info] Getting sessions for all scopes...
2025-08-01 04:27:50.571 [info] Got 1 sessions for ...
2025-08-01 04:27:50.571 [info] Getting sessions for all scopes...
2025-08-01 04:27:50.571 [info] Got 1 sessions for ...
2025-08-01 04:27:50.571 [info] Getting sessions for all scopes...
2025-08-01 04:27:50.571 [info] Got 1 sessions for ...
2025-08-01 04:27:53.874 [info] Getting sessions for all scopes...
2025-08-01 04:27:53.874 [info] Got 1 sessions for ...
2025-08-01 04:27:53.884 [info] Getting sessions for all scopes...
2025-08-01 04:27:53.884 [info] Got 1 sessions for ...
2025-08-01 04:27:53.884 [info] Getting sessions for all scopes...
2025-08-01 04:27:53.884 [info] Got 1 sessions for ...
2025-08-01 04:27:53.885 [info] Getting sessions for all scopes...
2025-08-01 04:27:53.885 [info] Got 1 sessions for ...
2025-08-01 04:27:53.965 [info] Getting sessions for all scopes...
2025-08-01 04:27:53.965 [info] Got 1 sessions for ...
2025-08-01 04:27:53.965 [info] Getting sessions for all scopes...
2025-08-01 04:27:53.965 [info] Got 1 sessions for ...
2025-08-01 04:27:54.543 [info] Getting sessions for all scopes...
2025-08-01 04:27:54.543 [info] Got 1 sessions for ...
2025-08-01 04:27:54.563 [info] Getting sessions for read:user,repo,user:email,workflow...
2025-08-01 04:27:54.564 [info] Got 0 sessions for read:user,repo,user:email,workflow...
2025-08-01 04:27:54.564 [info] Getting sessions for all scopes...
2025-08-01 04:27:54.564 [info] Got 1 sessions for ...
2025-08-01 04:27:54.564 [info] Getting sessions for read:user,repo,user:email,workflow...
2025-08-01 04:27:54.564 [info] Got 0 sessions for read:user,repo,user:email,workflow...
2025-08-01 04:27:54.680 [info] Getting sessions for user:email...
2025-08-01 04:27:54.680 [info] Got 1 sessions for user:email...
2025-08-01 04:27:54.681 [info] Getting sessions for read:user,repo,user:email,workflow...
2025-08-01 04:27:54.681 [info] Got 0 sessions for read:user,repo,user:email,workflow...
2025-08-01 04:27:54.681 [info] Getting sessions for read:user...
2025-08-01 04:27:54.681 [info] Got 0 sessions for read:user...
2025-08-01 04:27:54.685 [info] Getting sessions for all scopes...
2025-08-01 04:27:54.685 [info] Got 1 sessions for ...
2025-08-01 04:27:54.686 [info] Getting sessions for user:email...
2025-08-01 04:27:54.686 [info] Got 1 sessions for user:email...
2025-08-01 04:27:54.695 [info] Getting sessions for read:user,repo,user:email,workflow...
2025-08-01 04:27:54.695 [info] Got 0 sessions for read:user,repo,user:email,workflow...
2025-08-01 04:27:54.916 [info] Getting sessions for user:email...
2025-08-01 04:27:54.916 [info] Got 1 sessions for user:email...
2025-08-01 04:27:54.934 [info] Getting sessions for all scopes...
2025-08-01 04:27:54.934 [info] Got 1 sessions for ...
2025-08-01 04:27:54.936 [info] Getting sessions for read:user,repo,user:email,workflow...
2025-08-01 04:27:54.936 [info] Got 0 sessions for read:user,repo,user:email,workflow...
2025-08-01 04:27:54.938 [info] Getting sessions for user:email...
2025-08-01 04:27:54.938 [info] Got 1 sessions for user:email...
2025-08-01 04:27:56.082 [info] Getting sessions for all scopes...
2025-08-01 04:27:56.082 [info] Got 1 sessions for ...
2025-08-01 04:27:56.082 [info] Getting sessions for all scopes...
2025-08-01 04:27:56.082 [info] Got 1 sessions for ...
2025-08-01 04:27:56.105 [info] Getting sessions for read:user,repo,user:email,workflow...
2025-08-01 04:27:56.105 [info] Got 0 sessions for read:user,repo,user:email,workflow...
2025-08-01 04:27:56.116 [info] Getting sessions for user:email...
2025-08-01 04:27:56.116 [info] Got 1 sessions for user:email...
2025-08-01 04:27:56.117 [info] Getting sessions for read:user,repo,user:email,workflow...
2025-08-01 04:27:56.117 [info] Got 0 sessions for read:user,repo,user:email,workflow...
2025-08-01 04:27:56.117 [info] Getting sessions for all scopes...
2025-08-01 04:27:56.117 [info] Got 1 sessions for ...
2025-08-01 04:27:56.118 [info] Getting sessions for read:user,repo,user:email,workflow...
2025-08-01 04:27:56.118 [info] Got 0 sessions for read:user,repo,user:email,workflow...
2025-08-01 04:27:56.119 [info] Getting sessions for user:email...
2025-08-01 04:27:56.119 [info] Got 1 sessions for user:email...
2025-08-01 04:28:04.603 [info] Getting sessions for all scopes...
2025-08-01 04:28:04.603 [info] Got 1 sessions for ...
2025-08-01 04:28:04.604 [info] Getting sessions for read:user,repo,user:email,workflow...
2025-08-01 04:28:04.604 [info] Got 0 sessions for read:user,repo,user:email,workflow...
2025-08-01 04:28:04.604 [info] Getting sessions for user:email...
2025-08-01 04:28:04.604 [info] Got 1 sessions for user:email...
2025-08-01 04:28:04.610 [info] Getting sessions for all scopes...
2025-08-01 04:28:04.610 [info] Got 1 sessions for ...
2025-08-01 04:28:04.610 [info] Getting sessions for all scopes...
2025-08-01 04:28:04.610 [info] Got 1 sessions for ...
2025-08-01 04:28:04.611 [info] Getting sessions for read:user,repo,user:email,workflow...
2025-08-01 04:28:04.611 [info] Got 0 sessions for read:user,repo,user:email,workflow...
2025-08-01 04:28:04.612 [info] Getting sessions for user:email...
2025-08-01 04:28:04.612 [info] Got 1 sessions for user:email...
2025-08-01 04:28:04.612 [info] Getting sessions for read:user,repo,user:email,workflow...
2025-08-01 04:28:04.612 [info] Got 0 sessions for read:user,repo,user:email,workflow...
2025-08-01 04:28:04.613 [info] Getting sessions for all scopes...
2025-08-01 04:28:04.613 [info] Got 1 sessions for ...
2025-08-01 04:28:04.614 [info] Getting sessions for read:user,repo,user:email,workflow...
2025-08-01 04:28:04.614 [info] Got 0 sessions for read:user,repo,user:email,workflow...
2025-08-01 04:28:04.615 [info] Getting sessions for user:email...
2025-08-01 04:28:04.615 [info] Got 1 sessions for user:email...
2025-08-01 04:28:04.941 [info] Getting sessions for all scopes...
2025-08-01 04:28:04.941 [info] Got 1 sessions for ...
2025-08-01 04:28:04.942 [info] Getting sessions for read:user,repo,user:email,workflow...
2025-08-01 04:28:04.942 [info] Got 0 sessions for read:user,repo,user:email,workflow...
2025-08-01 04:28:04.942 [info] Getting sessions for user:email...
2025-08-01 04:28:04.942 [info] Got 1 sessions for user:email...
2025-08-01 04:28:04.943 [info] Getting sessions for all scopes...
2025-08-01 04:28:04.943 [info] Got 1 sessions for ...
2025-08-01 04:28:04.944 [info] Getting sessions for read:user,repo,user:email,workflow...
2025-08-01 04:28:04.944 [info] Got 0 sessions for read:user,repo,user:email,workflow...
2025-08-01 04:28:04.944 [info] Getting sessions for user:email...
2025-08-01 04:28:04.944 [info] Got 1 sessions for user:email...
2025-08-01 04:28:04.945 [info] Getting sessions for all scopes...
2025-08-01 04:28:04.945 [info] Got 1 sessions for ...
2025-08-01 04:28:04.945 [info] Getting sessions for read:user,repo,user:email,workflow...
2025-08-01 04:28:04.945 [info] Got 0 sessions for read:user,repo,user:email,workflow...
2025-08-01 04:28:04.946 [info] Getting sessions for user:email...
2025-08-01 04:28:04.946 [info] Got 1 sessions for user:email...
2025-08-01 04:28:04.949 [info] Getting sessions for all scopes...
2025-08-01 04:28:04.949 [info] Got 1 sessions for ...
2025-08-01 04:28:04.949 [info] Getting sessions for read:user,repo,user:email,workflow...
2025-08-01 04:28:04.949 [info] Got 0 sessions for read:user,repo,user:email,workflow...
2025-08-01 04:28:04.950 [info] Getting sessions for user:email...
2025-08-01 04:28:04.950 [info] Got 1 sessions for user:email...
2025-08-01 04:28:06.210 [info] Getting sessions for all scopes...
2025-08-01 04:28:06.210 [info] Got 1 sessions for ...
2025-08-01 04:31:00.225 [info] Reading sessions from keychain...
2025-08-01 04:31:00.225 [info] Getting sessions for all scopes...
2025-08-01 04:31:00.225 [info] Got stored sessions!
2025-08-01 04:31:00.225 [info] Got 1 verified sessions.
2025-08-01 04:31:00.225 [info] Got 1 sessions for ...
2025-08-01 04:31:00.225 [info] Getting sessions for all scopes...
2025-08-01 04:31:00.225 [info] Got 1 sessions for ...
2025-08-01 04:31:00.225 [info] Getting sessions for all scopes...
2025-08-01 04:31:00.225 [info] Got 1 sessions for ...
2025-08-01 04:31:00.225 [info] Getting sessions for all scopes...
2025-08-01 04:31:00.225 [info] Got 1 sessions for ...
2025-08-01 04:31:00.225 [info] Getting sessions for all scopes...
2025-08-01 04:31:00.225 [info] Got 1 sessions for ...
2025-08-01 04:31:00.225 [info] Getting sessions for all scopes...
2025-08-01 04:31:00.225 [info] Got 1 sessions for ...
2025-08-01 04:31:00.225 [info] Getting sessions for all scopes...
2025-08-01 04:31:00.225 [info] Got 1 sessions for ...
2025-08-01 04:31:00.225 [info] Getting sessions for all scopes...
2025-08-01 04:31:00.225 [info] Got 1 sessions for ...
2025-08-01 04:31:00.225 [info] Getting sessions for all scopes...
2025-08-01 04:31:00.225 [info] Got 1 sessions for ...
2025-08-01 04:31:00.225 [info] Getting sessions for all scopes...
2025-08-01 04:31:00.225 [info] Got 1 sessions for ...
2025-08-01 04:31:00.225 [info] Getting sessions for all scopes...
2025-08-01 04:31:00.225 [info] Got 1 sessions for ...
2025-08-01 04:31:00.225 [info] Getting sessions for all scopes...
2025-08-01 04:31:00.225 [info] Got 1 sessions for ...
2025-08-01 04:31:00.225 [info] Getting sessions for all scopes...
2025-08-01 04:31:00.225 [info] Got 1 sessions for ...
2025-08-01 04:31:00.225 [info] Getting sessions for all scopes...
2025-08-01 04:31:00.225 [info] Got 1 sessions for ...
2025-08-01 04:31:00.225 [info] Getting sessions for all scopes...
2025-08-01 04:31:00.225 [info] Got 1 sessions for ...
2025-08-01 04:31:00.225 [info] Getting sessions for all scopes...
2025-08-01 04:31:00.225 [info] Got 1 sessions for ...
2025-08-01 04:31:03.571 [info] Getting sessions for all scopes...
2025-08-01 04:31:03.571 [info] Got 1 sessions for ...
2025-08-01 04:31:03.571 [info] Getting sessions for all scopes...
2025-08-01 04:31:03.571 [info] Got 1 sessions for ...
2025-08-01 04:31:03.572 [info] Getting sessions for all scopes...
2025-08-01 04:31:03.572 [info] Got 1 sessions for ...
2025-08-01 04:31:03.669 [info] Getting sessions for all scopes...
2025-08-01 04:31:03.669 [info] Got 1 sessions for ...
2025-08-01 04:31:03.669 [info] Getting sessions for all scopes...
2025-08-01 04:31:03.669 [info] Got 1 sessions for ...
2025-08-01 04:31:04.102 [info] Getting sessions for all scopes...
2025-08-01 04:31:04.102 [info] Got 1 sessions for ...
2025-08-01 04:31:04.104 [info] Getting sessions for read:user,repo,user:email,workflow...
2025-08-01 04:31:04.104 [info] Got 0 sessions for read:user,repo,user:email,workflow...
2025-08-01 04:31:04.133 [info] Getting sessions for all scopes...
2025-08-01 04:31:04.133 [info] Got 1 sessions for ...
2025-08-01 04:31:04.134 [info] Getting sessions for read:user,repo,user:email,workflow...
2025-08-01 04:31:04.134 [info] Got 0 sessions for read:user,repo,user:email,workflow...
2025-08-01 04:31:04.188 [info] Getting sessions for user:email...
2025-08-01 04:31:04.188 [info] Got 1 sessions for user:email...
2025-08-01 04:31:04.188 [info] Getting sessions for read:user,repo,user:email,workflow...
2025-08-01 04:31:04.188 [info] Got 0 sessions for read:user,repo,user:email,workflow...
2025-08-01 04:31:04.231 [info] Getting sessions for read:user...
2025-08-01 04:31:04.231 [info] Got 0 sessions for read:user...
2025-08-01 04:31:04.336 [info] Getting sessions for all scopes...
2025-08-01 04:31:04.336 [info] Got 1 sessions for ...
2025-08-01 04:31:04.337 [info] Getting sessions for read:user,repo,user:email,workflow...
2025-08-01 04:31:04.337 [info] Got 0 sessions for read:user,repo,user:email,workflow...
2025-08-01 04:31:04.379 [info] Getting sessions for user:email...
2025-08-01 04:31:04.379 [info] Got 1 sessions for user:email...
2025-08-01 04:31:04.468 [info] Getting sessions for read:user,repo,user:email,workflow...
2025-08-01 04:31:04.468 [info] Got 0 sessions for read:user,repo,user:email,workflow...
2025-08-01 04:31:04.521 [info] Getting sessions for user:email...
2025-08-01 04:31:04.521 [info] Got 1 sessions for user:email...
2025-08-01 04:31:04.749 [info] Getting sessions for all scopes...
2025-08-01 04:31:04.749 [info] Got 1 sessions for ...
2025-08-01 04:31:04.862 [info] Getting sessions for read:user,repo,user:email,workflow...
2025-08-01 04:31:04.862 [info] Got 0 sessions for read:user,repo,user:email,workflow...
2025-08-01 04:31:04.865 [info] Getting sessions for user:email...
2025-08-01 04:31:04.865 [info] Got 1 sessions for user:email...
2025-08-01 04:31:06.056 [info] Getting sessions for all scopes...
2025-08-01 04:31:06.056 [info] Got 1 sessions for ...
2025-08-01 04:31:06.056 [info] Getting sessions for all scopes...
2025-08-01 04:31:06.056 [info] Got 1 sessions for ...
2025-08-01 04:31:06.078 [info] Getting sessions for read:user,repo,user:email,workflow...
2025-08-01 04:31:06.078 [info] Got 0 sessions for read:user,repo,user:email,workflow...
2025-08-01 04:31:06.091 [info] Getting sessions for user:email...
2025-08-01 04:31:06.091 [info] Got 1 sessions for user:email...
2025-08-01 04:31:06.091 [info] Getting sessions for read:user,repo,user:email,workflow...
2025-08-01 04:31:06.091 [info] Got 0 sessions for read:user,repo,user:email,workflow...
2025-08-01 04:31:06.092 [info] Getting sessions for all scopes...
2025-08-01 04:31:06.092 [info] Got 1 sessions for ...
2025-08-01 04:31:06.093 [info] Getting sessions for read:user,repo,user:email,workflow...
2025-08-01 04:31:06.093 [info] Got 0 sessions for read:user,repo,user:email,workflow...
2025-08-01 04:31:06.094 [info] Getting sessions for user:email...
2025-08-01 04:31:06.094 [info] Got 1 sessions for user:email...
2025-08-01 04:31:14.259 [info] Getting sessions for all scopes...
2025-08-01 04:31:14.259 [info] Got 1 sessions for ...
2025-08-01 04:31:14.266 [info] Getting sessions for read:user,repo,user:email,workflow...
2025-08-01 04:31:14.266 [info] Got 0 sessions for read:user,repo,user:email,workflow...
2025-08-01 04:31:14.267 [info] Getting sessions for user:email...
2025-08-01 04:31:14.267 [info] Got 1 sessions for user:email...
2025-08-01 04:31:14.275 [info] Getting sessions for all scopes...
2025-08-01 04:31:14.275 [info] Got 1 sessions for ...
2025-08-01 04:31:14.275 [info] Getting sessions for all scopes...
2025-08-01 04:31:14.275 [info] Got 1 sessions for ...
2025-08-01 04:31:14.276 [info] Getting sessions for read:user,repo,user:email,workflow...
2025-08-01 04:31:14.276 [info] Got 0 sessions for read:user,repo,user:email,workflow...
2025-08-01 04:31:14.277 [info] Getting sessions for user:email...
2025-08-01 04:31:14.277 [info] Got 1 sessions for user:email...
2025-08-01 04:31:14.277 [info] Getting sessions for read:user,repo,user:email,workflow...
2025-08-01 04:31:14.277 [info] Got 0 sessions for read:user,repo,user:email,workflow...
2025-08-01 04:31:14.281 [info] Getting sessions for all scopes...
2025-08-01 04:31:14.281 [info] Got 1 sessions for ...
2025-08-01 04:31:14.282 [info] Getting sessions for read:user,repo,user:email,workflow...
2025-08-01 04:31:14.282 [info] Got 0 sessions for read:user,repo,user:email,workflow...
2025-08-01 04:31:14.283 [info] Getting sessions for user:email...
2025-08-01 04:31:14.283 [info] Got 1 sessions for user:email...
2025-08-01 04:31:14.708 [info] Getting sessions for all scopes...
2025-08-01 04:31:14.708 [info] Got 1 sessions for ...
2025-08-01 04:31:14.708 [info] Getting sessions for all scopes...
2025-08-01 04:31:14.708 [info] Got 1 sessions for ...
2025-08-01 04:31:14.708 [info] Getting sessions for read:user,repo,user:email,workflow...
2025-08-01 04:31:14.708 [info] Got 0 sessions for read:user,repo,user:email,workflow...
2025-08-01 04:31:14.709 [info] Getting sessions for user:email...
2025-08-01 04:31:14.709 [info] Got 1 sessions for user:email...
2025-08-01 04:31:14.709 [info] Getting sessions for read:user,repo,user:email,workflow...
2025-08-01 04:31:14.709 [info] Got 0 sessions for read:user,repo,user:email,workflow...
2025-08-01 04:31:14.710 [info] Getting sessions for all scopes...
2025-08-01 04:31:14.710 [info] Got 1 sessions for ...
2025-08-01 04:31:14.711 [info] Getting sessions for read:user,repo,user:email,workflow...
2025-08-01 04:31:14.711 [info] Got 0 sessions for read:user,repo,user:email,workflow...
2025-08-01 04:31:14.712 [info] Getting sessions for user:email...
2025-08-01 04:31:14.712 [info] Got 1 sessions for user:email...
2025-08-01 04:31:14.714 [info] Getting sessions for all scopes...
2025-08-01 04:31:14.714 [info] Got 1 sessions for ...
2025-08-01 04:31:14.714 [info] Getting sessions for read:user,repo,user:email,workflow...
2025-08-01 04:31:14.714 [info] Got 0 sessions for read:user,repo,user:email,workflow...
2025-08-01 04:31:14.715 [info] Getting sessions for user:email...
2025-08-01 04:31:14.715 [info] Got 1 sessions for user:email...
2025-08-01 04:31:14.717 [info] Getting sessions for all scopes...
2025-08-01 04:31:14.717 [info] Got 1 sessions for ...
2025-08-01 04:31:14.718 [info] Getting sessions for read:user,repo,user:email,workflow...
2025-08-01 04:31:14.718 [info] Got 0 sessions for read:user,repo,user:email,workflow...
2025-08-01 04:31:14.718 [info] Getting sessions for user:email...
2025-08-01 04:31:14.718 [info] Got 1 sessions for user:email...
2025-08-01 04:31:15.260 [info] Getting sessions for all scopes...
2025-08-01 04:31:15.260 [info] Got 1 sessions for ...
2025-08-01 04:31:15.261 [info] Getting sessions for read:user,repo,user:email,workflow...
2025-08-01 04:31:15.261 [info] Got 0 sessions for read:user,repo,user:email,workflow...
2025-08-01 04:31:15.262 [info] Getting sessions for user:email...
2025-08-01 04:31:15.262 [info] Got 1 sessions for user:email...
2025-08-01 04:31:15.905 [info] Getting sessions for all scopes...
2025-08-01 04:31:15.905 [info] Got 1 sessions for ...
2025-08-01 04:35:52.737 [info] Getting sessions for all scopes...
2025-08-01 04:35:52.737 [info] Got 1 sessions for ...
2025-08-01 04:35:52.738 [info] Getting sessions for read:user,repo,user:email,workflow...
2025-08-01 04:35:52.738 [info] Got 0 sessions for read:user,repo,user:email,workflow...
2025-08-01 04:35:52.739 [info] Getting sessions for user:email...
2025-08-01 04:35:52.739 [info] Got 1 sessions for user:email...
2025-08-01 04:35:54.290 [info] Getting sessions for all scopes...
2025-08-01 04:35:54.290 [info] Got 1 sessions for ...
2025-08-01 04:35:54.292 [info] Getting sessions for read:user,repo,user:email,workflow...
2025-08-01 04:35:54.292 [info] Got 0 sessions for read:user,repo,user:email,workflow...
2025-08-01 04:35:54.292 [info] Getting sessions for user:email...
2025-08-01 04:35:54.292 [info] Got 1 sessions for user:email...
2025-08-01 04:35:59.197 [info] Getting sessions for all scopes...
2025-08-01 04:35:59.197 [info] Got 1 sessions for ...
2025-08-01 04:35:59.198 [info] Getting sessions for read:user,repo,user:email,workflow...
2025-08-01 04:35:59.198 [info] Got 0 sessions for read:user,repo,user:email,workflow...
2025-08-01 04:35:59.199 [info] Getting sessions for user:email...
2025-08-01 04:35:59.199 [info] Got 1 sessions for user:email...
2025-08-01 04:40:03.621 [info] Reading sessions from keychain...
2025-08-01 04:40:03.621 [info] Getting sessions for all scopes...
2025-08-01 04:40:03.621 [info] Got stored sessions!
2025-08-01 04:40:03.621 [info] Got 1 verified sessions.
2025-08-01 04:40:03.621 [info] Got 1 sessions for ...
2025-08-01 04:40:03.621 [info] Getting sessions for all scopes...
2025-08-01 04:40:03.621 [info] Got 1 sessions for ...
2025-08-01 04:40:03.621 [info] Getting sessions for all scopes...
2025-08-01 04:40:03.621 [info] Got 1 sessions for ...
2025-08-01 04:40:03.621 [info] Getting sessions for all scopes...
2025-08-01 04:40:03.621 [info] Got 1 sessions for ...
2025-08-01 04:40:03.621 [info] Getting sessions for all scopes...
2025-08-01 04:40:03.621 [info] Got 1 sessions for ...
2025-08-01 04:40:03.621 [info] Getting sessions for all scopes...
2025-08-01 04:40:03.621 [info] Got 1 sessions for ...
2025-08-01 04:40:03.621 [info] Getting sessions for all scopes...
2025-08-01 04:40:03.621 [info] Got 1 sessions for ...
2025-08-01 04:40:03.621 [info] Getting sessions for all scopes...
2025-08-01 04:40:03.621 [info] Got 1 sessions for ...
2025-08-01 04:40:03.621 [info] Getting sessions for all scopes...
2025-08-01 04:40:03.621 [info] Got 1 sessions for ...
2025-08-01 04:40:03.654 [info] Getting sessions for all scopes...
2025-08-01 04:40:03.654 [info] Got 1 sessions for ...
2025-08-01 04:40:03.655 [info] Getting sessions for all scopes...
2025-08-01 04:40:03.656 [info] Got 1 sessions for ...
2025-08-01 04:40:03.656 [info] Getting sessions for all scopes...
2025-08-01 04:40:03.656 [info] Got 1 sessions for ...
2025-08-01 04:40:03.656 [info] Getting sessions for all scopes...
2025-08-01 04:40:03.656 [info] Got 1 sessions for ...
2025-08-01 04:40:03.657 [info] Getting sessions for all scopes...
2025-08-01 04:40:03.657 [info] Got 1 sessions for ...
2025-08-01 04:40:03.657 [info] Getting sessions for all scopes...
2025-08-01 04:40:03.657 [info] Got 1 sessions for ...
2025-08-01 04:40:03.793 [info] Getting sessions for all scopes...
2025-08-01 04:40:03.793 [info] Got 1 sessions for ...
2025-08-01 04:40:06.590 [info] Getting sessions for all scopes...
2025-08-01 04:40:06.590 [info] Got 1 sessions for ...
2025-08-01 04:40:06.590 [info] Getting sessions for all scopes...
2025-08-01 04:40:06.590 [info] Got 1 sessions for ...
2025-08-01 04:40:06.591 [info] Getting sessions for all scopes...
2025-08-01 04:40:06.591 [info] Got 1 sessions for ...
2025-08-01 04:40:06.698 [info] Getting sessions for all scopes...
2025-08-01 04:40:06.698 [info] Got 1 sessions for ...
2025-08-01 04:40:06.698 [info] Getting sessions for all scopes...
2025-08-01 04:40:06.698 [info] Got 1 sessions for ...
2025-08-01 04:40:07.267 [info] Getting sessions for all scopes...
2025-08-01 04:40:07.267 [info] Got 1 sessions for ...
2025-08-01 04:40:07.371 [info] Getting sessions for read:user,repo,user:email,workflow...
2025-08-01 04:40:07.371 [info] Got 0 sessions for read:user,repo,user:email,workflow...
2025-08-01 04:40:07.371 [info] Getting sessions for all scopes...
2025-08-01 04:40:07.371 [info] Got 1 sessions for ...
2025-08-01 04:40:07.371 [info] Getting sessions for read:user,repo,user:email,workflow...
2025-08-01 04:40:07.371 [info] Got 0 sessions for read:user,repo,user:email,workflow...
2025-08-01 04:40:07.410 [info] Getting sessions for user:email...
2025-08-01 04:40:07.410 [info] Got 1 sessions for user:email...
2025-08-01 04:40:07.410 [info] Getting sessions for read:user,repo,user:email,workflow...
2025-08-01 04:40:07.410 [info] Got 0 sessions for read:user,repo,user:email,workflow...
2025-08-01 04:40:07.410 [info] Getting sessions for read:user...
2025-08-01 04:40:07.410 [info] Got 0 sessions for read:user...
2025-08-01 04:40:07.474 [info] Getting sessions for all scopes...
2025-08-01 04:40:07.474 [info] Got 1 sessions for ...
2025-08-01 04:40:07.475 [info] Getting sessions for user:email...
2025-08-01 04:40:07.475 [info] Got 1 sessions for user:email...
2025-08-01 04:40:07.483 [info] Getting sessions for read:user,repo,user:email,workflow...
2025-08-01 04:40:07.483 [info] Got 0 sessions for read:user,repo,user:email,workflow...
2025-08-01 04:40:07.631 [info] Getting sessions for user:email...
2025-08-01 04:40:07.631 [info] Got 1 sessions for user:email...
2025-08-01 04:40:07.644 [info] Getting sessions for all scopes...
2025-08-01 04:40:07.644 [info] Got 1 sessions for ...
2025-08-01 04:40:07.646 [info] Getting sessions for read:user,repo,user:email,workflow...
2025-08-01 04:40:07.646 [info] Got 0 sessions for read:user,repo,user:email,workflow...
2025-08-01 04:40:07.646 [info] Getting sessions for user:email...
2025-08-01 04:40:07.646 [info] Got 1 sessions for user:email...
2025-08-01 04:40:08.794 [info] Getting sessions for all scopes...
2025-08-01 04:40:08.794 [info] Got 1 sessions for ...
2025-08-01 04:40:08.794 [info] Getting sessions for all scopes...
2025-08-01 04:40:08.794 [info] Got 1 sessions for ...
2025-08-01 04:40:08.815 [info] Getting sessions for read:user,repo,user:email,workflow...
2025-08-01 04:40:08.815 [info] Got 0 sessions for read:user,repo,user:email,workflow...
2025-08-01 04:40:08.827 [info] Getting sessions for user:email...
2025-08-01 04:40:08.827 [info] Got 1 sessions for user:email...
2025-08-01 04:40:08.827 [info] Getting sessions for read:user,repo,user:email,workflow...
2025-08-01 04:40:08.827 [info] Got 0 sessions for read:user,repo,user:email,workflow...
2025-08-01 04:40:08.829 [info] Getting sessions for all scopes...
2025-08-01 04:40:08.829 [info] Got 1 sessions for ...
2025-08-01 04:40:08.829 [info] Getting sessions for read:user,repo,user:email,workflow...
2025-08-01 04:40:08.829 [info] Got 0 sessions for read:user,repo,user:email,workflow...
2025-08-01 04:40:08.830 [info] Getting sessions for user:email...
2025-08-01 04:40:08.830 [info] Got 1 sessions for user:email...
2025-08-01 04:40:17.341 [info] Getting sessions for all scopes...
2025-08-01 04:40:17.341 [info] Got 1 sessions for ...
2025-08-01 04:40:17.349 [info] Getting sessions for read:user,repo,user:email,workflow...
2025-08-01 04:40:17.349 [info] Got 0 sessions for read:user,repo,user:email,workflow...
2025-08-01 04:40:17.350 [info] Getting sessions for user:email...
2025-08-01 04:40:17.350 [info] Got 1 sessions for user:email...
2025-08-01 04:40:17.356 [info] Getting sessions for all scopes...
2025-08-01 04:40:17.356 [info] Got 1 sessions for ...
2025-08-01 04:40:17.356 [info] Getting sessions for all scopes...
2025-08-01 04:40:17.356 [info] Got 1 sessions for ...
2025-08-01 04:40:17.359 [info] Getting sessions for read:user,repo,user:email,workflow...
2025-08-01 04:40:17.359 [info] Got 0 sessions for read:user,repo,user:email,workflow...
2025-08-01 04:40:17.359 [info] Getting sessions for user:email...
2025-08-01 04:40:17.359 [info] Got 1 sessions for user:email...
2025-08-01 04:40:17.359 [info] Getting sessions for read:user,repo,user:email,workflow...
2025-08-01 04:40:17.359 [info] Got 0 sessions for read:user,repo,user:email,workflow...
2025-08-01 04:40:17.361 [info] Getting sessions for all scopes...
2025-08-01 04:40:17.361 [info] Got 1 sessions for ...
2025-08-01 04:40:17.362 [info] Getting sessions for read:user,repo,user:email,workflow...
2025-08-01 04:40:17.362 [info] Got 0 sessions for read:user,repo,user:email,workflow...
2025-08-01 04:40:17.363 [info] Getting sessions for user:email...
2025-08-01 04:40:17.363 [info] Got 1 sessions for user:email...
2025-08-01 04:40:17.680 [info] Getting sessions for all scopes...
2025-08-01 04:40:17.680 [info] Got 1 sessions for ...
2025-08-01 04:40:17.681 [info] Getting sessions for read:user,repo,user:email,workflow...
2025-08-01 04:40:17.681 [info] Got 0 sessions for read:user,repo,user:email,workflow...
2025-08-01 04:40:17.682 [info] Getting sessions for user:email...
2025-08-01 04:40:17.682 [info] Got 1 sessions for user:email...
2025-08-01 04:40:17.683 [info] Getting sessions for all scopes...
2025-08-01 04:40:17.683 [info] Got 1 sessions for ...
2025-08-01 04:40:17.683 [info] Getting sessions for read:user,repo,user:email,workflow...
2025-08-01 04:40:17.683 [info] Got 0 sessions for read:user,repo,user:email,workflow...
2025-08-01 04:40:17.684 [info] Getting sessions for user:email...
2025-08-01 04:40:17.684 [info] Got 1 sessions for user:email...
2025-08-01 04:40:17.685 [info] Getting sessions for all scopes...
2025-08-01 04:40:17.685 [info] Got 1 sessions for ...
2025-08-01 04:40:17.686 [info] Getting sessions for read:user,repo,user:email,workflow...
2025-08-01 04:40:17.686 [info] Got 0 sessions for read:user,repo,user:email,workflow...
2025-08-01 04:40:17.687 [info] Getting sessions for user:email...
2025-08-01 04:40:17.687 [info] Got 1 sessions for user:email...
2025-08-01 04:40:17.689 [info] Getting sessions for all scopes...
2025-08-01 04:40:17.689 [info] Got 1 sessions for ...
2025-08-01 04:40:17.690 [info] Getting sessions for read:user,repo,user:email,workflow...
2025-08-01 04:40:17.690 [info] Got 0 sessions for read:user,repo,user:email,workflow...
2025-08-01 04:40:17.691 [info] Getting sessions for user:email...
2025-08-01 04:40:17.691 [info] Got 1 sessions for user:email...
2025-08-01 04:40:19.013 [info] Getting sessions for all scopes...
2025-08-01 04:40:19.013 [info] Got 1 sessions for ...
2025-08-01 04:55:19.233 [info] Getting sessions for all scopes...
2025-08-01 04:55:19.233 [info] Got 1 sessions for ...
2025-08-01 04:55:19.235 [info] Getting sessions for read:user,repo,user:email,workflow...
2025-08-01 04:55:19.235 [info] Got 0 sessions for read:user,repo,user:email,workflow...
2025-08-01 04:55:19.236 [info] Getting sessions for user:email...
2025-08-01 04:55:19.236 [info] Got 1 sessions for user:email...
2025-08-01 04:55:19.238 [info] Getting sessions for all scopes...
2025-08-01 04:55:19.238 [info] Got 1 sessions for ...
2025-08-01 04:55:19.240 [info] Getting sessions for read:user,repo,user:email,workflow...
2025-08-01 04:55:19.240 [info] Got 0 sessions for read:user,repo,user:email,workflow...
2025-08-01 04:55:19.242 [info] Getting sessions for user:email...
2025-08-01 04:55:19.242 [info] Got 1 sessions for user:email...
2025-08-01 05:10:29.628 [info] Getting sessions for all scopes...
2025-08-01 05:10:29.628 [info] Got 1 sessions for ...
2025-08-01 05:10:29.629 [info] Getting sessions for read:user,repo,user:email,workflow...
2025-08-01 05:10:29.629 [info] Got 0 sessions for read:user,repo,user:email,workflow...
2025-08-01 05:10:29.629 [info] Getting sessions for user:email...
2025-08-01 05:10:29.629 [info] Got 1 sessions for user:email...
2025-08-01 05:10:29.630 [info] Getting sessions for all scopes...
2025-08-01 05:10:29.630 [info] Got 1 sessions for ...
2025-08-01 05:10:29.631 [info] Getting sessions for read:user,repo,user:email,workflow...
2025-08-01 05:10:29.631 [info] Got 0 sessions for read:user,repo,user:email,workflow...
2025-08-01 05:10:29.631 [info] Getting sessions for user:email...
2025-08-01 05:10:29.631 [info] Got 1 sessions for user:email...
2025-08-01 05:10:30.986 [info] Getting sessions for all scopes...
2025-08-01 05:10:30.987 [info] Got 1 sessions for ...
2025-08-01 05:10:30.987 [info] Getting sessions for all scopes...
2025-08-01 05:10:30.987 [info] Got 1 sessions for ...
2025-08-01 05:10:30.987 [info] Getting sessions for read:user,repo,user:email,workflow...
2025-08-01 05:10:30.987 [info] Got 0 sessions for read:user,repo,user:email,workflow...
2025-08-01 05:10:30.988 [info] Getting sessions for user:email...
2025-08-01 05:10:30.988 [info] Got 1 sessions for user:email...
2025-08-01 05:10:30.988 [info] Getting sessions for read:user,repo,user:email,workflow...
2025-08-01 05:10:30.988 [info] Got 0 sessions for read:user,repo,user:email,workflow...
2025-08-01 05:10:30.988 [info] Getting sessions for all scopes...
2025-08-01 05:10:30.988 [info] Got 1 sessions for ...
2025-08-01 05:10:30.989 [info] Getting sessions for read:user,repo,user:email,workflow...
2025-08-01 05:10:30.989 [info] Got 0 sessions for read:user,repo,user:email,workflow...
2025-08-01 05:10:30.989 [info] Getting sessions for user:email...
2025-08-01 05:10:30.989 [info] Got 1 sessions for user:email...
2025-08-01 05:10:30.992 [info] Getting sessions for all scopes...
2025-08-01 05:10:30.992 [info] Got 1 sessions for ...
2025-08-01 05:10:31.001 [info] Getting sessions for all scopes...
2025-08-01 05:10:31.001 [info] Got 1 sessions for ...
2025-08-01 05:10:31.002 [info] Getting sessions for read:user,repo,user:email,workflow...
2025-08-01 05:10:31.002 [info] Got 0 sessions for read:user,repo,user:email,workflow...
2025-08-01 05:10:31.002 [info] Getting sessions for user:email...
2025-08-01 05:10:31.002 [info] Got 1 sessions for user:email...
2025-08-01 05:10:31.002 [info] Getting sessions for read:user,repo,user:email,workflow...
2025-08-01 05:10:31.002 [info] Got 0 sessions for read:user,repo,user:email,workflow...
2025-08-01 05:10:31.004 [info] Getting sessions for all scopes...
2025-08-01 05:10:31.004 [info] Got 1 sessions for ...
2025-08-01 05:10:31.005 [info] Getting sessions for all scopes...
2025-08-01 05:10:31.005 [info] Got 1 sessions for ...
2025-08-01 05:10:31.006 [info] Getting sessions for all scopes...
2025-08-01 05:10:31.006 [info] Got 1 sessions for ...
2025-08-01 05:10:31.007 [info] Getting sessions for read:user,repo,user:email,workflow...
2025-08-01 05:10:31.007 [info] Got 0 sessions for read:user,repo,user:email,workflow...
2025-08-01 05:10:31.008 [info] Getting sessions for user:email...
2025-08-01 05:10:31.008 [info] Got 1 sessions for user:email...
2025-08-01 05:25:31.006 [info] Getting sessions for all scopes...
2025-08-01 05:25:31.006 [info] Got 1 sessions for ...
2025-08-01 05:25:31.006 [info] Getting sessions for read:user,repo,user:email,workflow...
2025-08-01 05:25:31.007 [info] Got 0 sessions for read:user,repo,user:email,workflow...
2025-08-01 05:25:31.008 [info] Getting sessions for user:email...
2025-08-01 05:25:31.008 [info] Got 1 sessions for user:email...
2025-08-01 05:40:31.513 [info] Getting sessions for all scopes...
2025-08-01 05:40:31.513 [info] Got 1 sessions for ...
2025-08-01 05:40:31.514 [info] Getting sessions for read:user,repo,user:email,workflow...
2025-08-01 05:40:31.514 [info] Got 0 sessions for read:user,repo,user:email,workflow...
2025-08-01 05:40:31.515 [info] Getting sessions for user:email...
2025-08-01 05:40:31.515 [info] Got 1 sessions for user:email...
2025-08-01 05:40:31.516 [info] Getting sessions for all scopes...
2025-08-01 05:40:31.516 [info] Got 1 sessions for ...
2025-08-01 05:40:31.517 [info] Getting sessions for read:user,repo,user:email,workflow...
2025-08-01 05:40:31.517 [info] Got 0 sessions for read:user,repo,user:email,workflow...
2025-08-01 05:40:31.517 [info] Getting sessions for user:email...
2025-08-01 05:40:31.517 [info] Got 1 sessions for user:email...
2025-08-01 05:40:32.845 [info] Getting sessions for all scopes...
2025-08-01 05:40:32.846 [info] Got 1 sessions for ...
2025-08-01 05:40:32.846 [info] Getting sessions for all scopes...
2025-08-01 05:40:32.846 [info] Got 1 sessions for ...
2025-08-01 05:40:32.846 [info] Getting sessions for read:user,repo,user:email,workflow...
2025-08-01 05:40:32.846 [info] Got 0 sessions for read:user,repo,user:email,workflow...
2025-08-01 05:40:32.847 [info] Getting sessions for user:email...
2025-08-01 05:40:32.847 [info] Got 1 sessions for user:email...
2025-08-01 05:40:32.847 [info] Getting sessions for read:user,repo,user:email,workflow...
2025-08-01 05:40:32.847 [info] Got 0 sessions for read:user,repo,user:email,workflow...
2025-08-01 05:40:32.848 [info] Getting sessions for all scopes...
2025-08-01 05:40:32.848 [info] Got 1 sessions for ...
2025-08-01 05:40:32.849 [info] Getting sessions for read:user,repo,user:email,workflow...
2025-08-01 05:40:32.849 [info] Got 0 sessions for read:user,repo,user:email,workflow...
2025-08-01 05:40:32.849 [info] Getting sessions for user:email...
2025-08-01 05:40:32.849 [info] Got 1 sessions for user:email...
2025-08-01 05:40:32.863 [info] Getting sessions for all scopes...
2025-08-01 05:40:32.863 [info] Got 1 sessions for ...
2025-08-01 05:40:32.863 [info] Getting sessions for all scopes...
2025-08-01 05:40:32.863 [info] Got 1 sessions for ...
2025-08-01 05:40:32.864 [info] Getting sessions for read:user,repo,user:email,workflow...
2025-08-01 05:40:32.864 [info] Got 0 sessions for read:user,repo,user:email,workflow...
2025-08-01 05:40:32.865 [info] Getting sessions for user:email...
2025-08-01 05:40:32.865 [info] Got 1 sessions for user:email...
2025-08-01 05:40:32.865 [info] Getting sessions for read:user,repo,user:email,workflow...
2025-08-01 05:40:32.865 [info] Got 0 sessions for read:user,repo,user:email,workflow...
2025-08-01 05:40:32.868 [info] Getting sessions for all scopes...
2025-08-01 05:40:32.868 [info] Got 1 sessions for ...
2025-08-01 05:40:32.868 [info] Getting sessions for read:user,repo,user:email,workflow...
2025-08-01 05:40:32.868 [info] Got 0 sessions for read:user,repo,user:email,workflow...
2025-08-01 05:40:32.869 [info] Getting sessions for user:email...
2025-08-01 05:40:32.869 [info] Got 1 sessions for user:email...
2025-08-01 05:55:32.868 [info] Getting sessions for all scopes...
2025-08-01 05:55:32.868 [info] Got 1 sessions for ...
2025-08-01 05:55:32.869 [info] Getting sessions for read:user,repo,user:email,workflow...
2025-08-01 05:55:32.869 [info] Got 0 sessions for read:user,repo,user:email,workflow...
2025-08-01 05:55:32.870 [info] Getting sessions for user:email...
2025-08-01 05:55:32.870 [info] Got 1 sessions for user:email...
