2025-08-01 04:27:50.710 [info] [main] Log level: Info
2025-08-01 04:27:50.710 [info] [main] Validating found git in: "git"
2025-08-01 04:27:50.710 [info] [main] Using git "2.50.1" from "git"
2025-08-01 04:27:50.710 [info] [Model][doInitialScan] Initial repository scan started
2025-08-01 04:27:50.710 [info] [Model][doInitialScan] Initial repository scan completed - repositories (0), closed repositories (0), parent repositories (0), unsafe repositories (0)
2025-08-01 04:31:03.672 [info] [main] Log level: Info
2025-08-01 04:31:03.672 [info] [main] Validating found git in: "git"
2025-08-01 04:31:03.672 [info] [main] Using git "2.50.1" from "git"
2025-08-01 04:31:03.672 [info] [Model][doInitialScan] Initial repository scan started
2025-08-01 04:31:03.672 [info] > git rev-parse --show-toplevel [45ms]
2025-08-01 04:31:03.806 [info] > git rev-parse --git-dir --git-common-dir [4ms]
2025-08-01 04:31:03.816 [info] [Model][openRepository] Opened repository (path): /home/heisenberg/.config/quickshell/caelestia
2025-08-01 04:31:03.816 [info] [Model][openRepository] Opened repository (real path): /home/heisenberg/.config/quickshell/caelestia
2025-08-01 04:31:04.100 [info] > git config --get commit.template [19ms]
2025-08-01 04:31:04.171 [info] > git for-each-ref --format=%(refname)%00%(upstream:short)%00%(objectname)%00%(upstream:track)%00%(upstream:remotename)%00%(upstream:remoteref) refs/heads/main refs/remotes/main [24ms]
2025-08-01 04:31:04.187 [warning] [Git][revParse] Unable to read file: ENOENT: no such file or directory, open '/home/heisenberg/.config/quickshell/caelestia/.git/refs/remotes/origin/main'
2025-08-01 04:31:04.188 [info] > git rev-parse --show-toplevel [18ms]
2025-08-01 04:31:04.201 [info] > git rev-parse refs/remotes/origin/main [14ms]
2025-08-01 04:31:04.232 [info] > git status -z -uall [17ms]
2025-08-01 04:31:04.232 [info] > git rev-parse --show-toplevel [31ms]
2025-08-01 04:31:04.246 [info] > git for-each-ref --sort -committerdate --format %(refname)%00%(objectname)%00%(*objectname) [16ms]
2025-08-01 04:31:04.289 [info] > git for-each-ref --format=%(refname)%00%(upstream:short)%00%(objectname)%00%(upstream:track)%00%(upstream:remotename)%00%(upstream:remoteref) refs/heads/main refs/remotes/main [15ms]
2025-08-01 04:31:04.304 [info] > git rev-parse --show-toplevel [59ms]
2025-08-01 04:31:04.320 [info] > git config --get --local branch.main.vscode-merge-base [16ms]
2025-08-01 04:31:04.320 [warning] [Git][config] git config failed: Failed to execute git
2025-08-01 04:31:04.335 [info] > git config --get commit.template [47ms]
2025-08-01 04:31:04.336 [info] > git rev-parse --show-toplevel [17ms]
2025-08-01 04:31:04.362 [info] > git reflog main --grep-reflog=branch: Created from *. [28ms]
2025-08-01 04:31:04.380 [info] > git symbolic-ref --short refs/remotes/origin/HEAD [3ms]
2025-08-01 04:31:04.394 [info] > git rev-parse --show-toplevel [32ms]
2025-08-01 04:31:04.394 [info] > git for-each-ref --format=%(refname)%00%(upstream:short)%00%(objectname)%00%(upstream:track)%00%(upstream:remotename)%00%(upstream:remoteref) refs/heads/main refs/remotes/main [45ms]
2025-08-01 04:31:04.423 [warning] [Git][revParse] Unable to read file: ENOENT: no such file or directory, open '/home/heisenberg/.config/quickshell/caelestia/.git/refs/remotes/origin/main'
2025-08-01 04:31:04.426 [info] > git rev-parse refs/remotes/origin/main [3ms]
2025-08-01 04:31:04.454 [info] > git rev-parse --show-toplevel [46ms]
2025-08-01 04:31:04.454 [info] > git for-each-ref --format=%(refname)%00%(upstream:short)%00%(objectname)%00%(upstream:track)%00%(upstream:remotename)%00%(upstream:remoteref) refs/heads/origin/main refs/remotes/origin/main [60ms]
2025-08-01 04:31:04.483 [info] > git status -z -uall [43ms]
2025-08-01 04:31:04.483 [info] > git for-each-ref --sort -committerdate --format %(refname)%00%(objectname)%00%(*objectname) [29ms]
2025-08-01 04:31:04.487 [info] > git rev-parse --show-toplevel [5ms]
2025-08-01 04:31:04.487 [info] > git config --add --local branch.main.vscode-merge-base origin/main [19ms]
2025-08-01 04:31:04.517 [info] > git rev-parse --show-toplevel [15ms]
2025-08-01 04:31:04.521 [info] [Model][doInitialScan] Initial repository scan completed - repositories (1), closed repositories (0), parent repositories (0), unsafe repositories (0)
2025-08-01 04:31:04.522 [info] > git config --get commit.template [6ms]
2025-08-01 04:31:04.671 [info] > git for-each-ref --format=%(refname)%00%(upstream:short)%00%(objectname)%00%(upstream:track)%00%(upstream:remotename)%00%(upstream:remoteref) refs/heads/main refs/remotes/main [134ms]
2025-08-01 04:31:04.707 [warning] [Git][revParse] Unable to read file: ENOENT: no such file or directory, open '/home/heisenberg/.config/quickshell/caelestia/.git/refs/remotes/origin/main'
2025-08-01 04:31:04.713 [info] > git check-ignore -v -z --stdin [24ms]
2025-08-01 04:31:04.713 [info] > git rev-parse refs/remotes/origin/main [6ms]
2025-08-01 04:31:04.750 [info] > git status -z -uall [20ms]
2025-08-01 04:31:04.750 [info] > git for-each-ref --sort -committerdate --format %(refname)%00%(objectname)%00%(*objectname) [2ms]
2025-08-01 04:31:04.790 [info] > git merge-base refs/heads/main refs/remotes/origin/main [19ms]
2025-08-01 04:31:04.817 [info] > git diff --name-status -z --diff-filter=ADMR 37809f2030a1f520e0f66c1c69360f39b4e6f9dd...refs/remotes/origin/main [9ms]
2025-08-01 04:31:04.818 [info] > git merge-base refs/heads/main refs/remotes/origin/main [29ms]
2025-08-01 04:31:04.860 [info] > git diff --name-status -z --diff-filter=ADMR 37809f2030a1f520e0f66c1c69360f39b4e6f9dd...refs/remotes/origin/main [23ms]
2025-08-01 04:31:14.588 [info] > git config --get commit.template [1ms]
2025-08-01 04:31:14.624 [info] > git for-each-ref --format=%(refname)%00%(upstream:short)%00%(objectname)%00%(upstream:track)%00%(upstream:remotename)%00%(upstream:remoteref) refs/heads/main refs/remotes/main [2ms]
2025-08-01 04:31:14.644 [warning] [Git][revParse] Unable to read file: ENOENT: no such file or directory, open '/home/heisenberg/.config/quickshell/caelestia/.git/refs/remotes/origin/main'
2025-08-01 04:31:14.646 [info] > git rev-parse refs/remotes/origin/main [2ms]
2025-08-01 04:31:14.702 [info] > git status -z -uall [40ms]
2025-08-01 04:31:14.702 [info] > git for-each-ref --sort -committerdate --format %(refname)%00%(objectname)%00%(*objectname) [25ms]
2025-08-01 04:40:03.945 [info] [main] Log level: Info
2025-08-01 04:40:03.945 [info] [main] Validating found git in: "git"
2025-08-01 04:40:03.945 [info] [main] Using git "2.50.1" from "git"
2025-08-01 04:40:03.945 [info] [Model][doInitialScan] Initial repository scan started
2025-08-01 04:40:03.945 [info] > git rev-parse --show-toplevel [17ms]
2025-08-01 04:40:03.945 [info] [Model][doInitialScan] Initial repository scan completed - repositories (0), closed repositories (0), parent repositories (1), unsafe repositories (0)
2025-08-01 04:40:06.698 [info] > git rev-parse --show-toplevel [56ms]
2025-08-01 04:40:33.451 [info] > git rev-parse --show-toplevel [1ms]
