2025-08-01 04:27:48.666 [warning] Via 'product.json#extensionEnabledApiProposals' extension 'ms-vsliveshare.vsliveshare' wants API proposal 'notebookCellExecutionState' but that proposal DOES NOT EXIST. Likely, the proposal has been finalized (check 'vscode.d.ts') or was abandoned.
2025-08-01 04:27:48.685 [warning] Via 'product.json#extensionEnabledApiProposals' extension 'ms-python.gather' wants API proposal 'notebookCellExecutionState' but that proposal DOES NOT EXIST. Likely, the proposal has been finalized (check 'vscode.d.ts') or was abandoned.
2025-08-01 04:27:48.685 [warning] Via 'product.json#extensionEnabledApiProposals' extension 'ms-python.vscode-pylance' wants API proposal 'mcpConfigurationProvider' but that proposal DOES NOT EXIST. Likely, the proposal has been finalized (check 'vscode.d.ts') or was abandoned.
2025-08-01 04:27:49.032 [info] Started local extension host with pid 231939.
2025-08-01 04:27:50.800 [info] Settings Sync: Account status changed from uninitialized to unavailable
2025-08-01 04:27:51.787 [info] [perf] Render performance baseline is 41ms
2025-08-01 04:27:53.642 [error] [Extension Host] (node:231939) ExperimentalWarning: SQLite is an experimental feature and might change at any time
(Use `exe --trace-warnings ...` to show where the warning was created)
2025-08-01 04:30:59.123 [warning] Via 'product.json#extensionEnabledApiProposals' extension 'ms-vsliveshare.vsliveshare' wants API proposal 'notebookCellExecutionState' but that proposal DOES NOT EXIST. Likely, the proposal has been finalized (check 'vscode.d.ts') or was abandoned.
2025-08-01 04:30:59.123 [warning] Via 'product.json#extensionEnabledApiProposals' extension 'ms-python.gather' wants API proposal 'notebookCellExecutionState' but that proposal DOES NOT EXIST. Likely, the proposal has been finalized (check 'vscode.d.ts') or was abandoned.
2025-08-01 04:30:59.124 [warning] Via 'product.json#extensionEnabledApiProposals' extension 'ms-python.vscode-pylance' wants API proposal 'mcpConfigurationProvider' but that proposal DOES NOT EXIST. Likely, the proposal has been finalized (check 'vscode.d.ts') or was abandoned.
2025-08-01 04:30:59.362 [info] Started local extension host with pid 238868.
2025-08-01 04:30:59.619 [info] ChatSessionStore: Migrating 0 chat sessions from storage service to file system
2025-08-01 04:30:59.797 [info] Settings Sync: Account status changed from uninitialized to unavailable
2025-08-01 04:31:02.010 [info] [perf] Render performance baseline is 23ms
2025-08-01 04:31:03.513 [error] [Extension Host] (node:238868) ExperimentalWarning: SQLite is an experimental feature and might change at any time
(Use `exe --trace-warnings ...` to show where the warning was created)
2025-08-01 04:40:02.108 [warning] Via 'product.json#extensionEnabledApiProposals' extension 'ms-vsliveshare.vsliveshare' wants API proposal 'notebookCellExecutionState' but that proposal DOES NOT EXIST. Likely, the proposal has been finalized (check 'vscode.d.ts') or was abandoned.
2025-08-01 04:40:02.109 [warning] Via 'product.json#extensionEnabledApiProposals' extension 'ms-python.gather' wants API proposal 'notebookCellExecutionState' but that proposal DOES NOT EXIST. Likely, the proposal has been finalized (check 'vscode.d.ts') or was abandoned.
2025-08-01 04:40:02.109 [warning] Via 'product.json#extensionEnabledApiProposals' extension 'ms-python.vscode-pylance' wants API proposal 'mcpConfigurationProvider' but that proposal DOES NOT EXIST. Likely, the proposal has been finalized (check 'vscode.d.ts') or was abandoned.
2025-08-01 04:40:02.392 [info] Started local extension host with pid 259285.
2025-08-01 04:40:03.044 [info] ChatSessionStore: Migrating 0 chat sessions from storage service to file system
2025-08-01 04:40:03.609 [info] Settings Sync: Account status changed from uninitialized to unavailable
2025-08-01 04:40:05.127 [info] [perf] Render performance baseline is 32ms
2025-08-01 04:40:06.398 [error] [Extension Host] (node:259285) ExperimentalWarning: SQLite is an experimental feature and might change at any time
(Use `exe --trace-warnings ...` to show where the warning was created)
