2025-08-01 03:27:12.879 [warning] Via 'product.json#extensionEnabledApiProposals' extension 'ms-vsliveshare.vsliveshare' wants API proposal 'notebookCellExecutionState' but that proposal DOES NOT EXIST. Likely, the proposal has been finalized (check 'vscode.d.ts') or was abandoned.
2025-08-01 03:27:12.898 [warning] Via 'product.json#extensionEnabledApiProposals' extension 'ms-python.gather' wants API proposal 'notebookCellExecutionState' but that proposal DOES NOT EXIST. Likely, the proposal has been finalized (check 'vscode.d.ts') or was abandoned.
2025-08-01 03:27:12.898 [warning] Via 'product.json#extensionEnabledApiProposals' extension 'ms-python.vscode-pylance' wants API proposal 'mcpConfigurationProvider' but that proposal DOES NOT EXIST. Likely, the proposal has been finalized (check 'vscode.d.ts') or was abandoned.
2025-08-01 03:27:13.290 [info] Started local extension host with pid 96552.
2025-08-01 03:27:14.237 [info] ChatSessionStore: Migrating 0 chat sessions from storage service to file system
2025-08-01 03:27:15.298 [info] Settings Sync: Account status changed from uninitialized to unavailable
2025-08-01 03:27:16.571 [info] [perf] Render performance baseline is 30ms
2025-08-01 03:27:17.912 [error] [Extension Host] (node:96552) ExperimentalWarning: SQLite is an experimental feature and might change at any time
(Use `exe --trace-warnings ...` to show where the warning was created)
2025-08-01 03:28:43.406 [error] lock() request could not be registered.: InvalidStateError: lock() request could not be registered.
2025-08-01 03:28:45.248 [error] lock() request could not be registered.: InvalidStateError: lock() request could not be registered.
2025-08-01 03:28:47.068 [error] lock() request could not be registered.: InvalidStateError: lock() request could not be registered.
2025-08-01 03:28:54.994 [error] lock() request could not be registered.: InvalidStateError: lock() request could not be registered.
2025-08-01 03:28:56.678 [error] lock() request could not be registered.: InvalidStateError: lock() request could not be registered.
2025-08-01 03:29:24.286 [warning] Via 'product.json#extensionEnabledApiProposals' extension 'ms-vsliveshare.vsliveshare' wants API proposal 'notebookCellExecutionState' but that proposal DOES NOT EXIST. Likely, the proposal has been finalized (check 'vscode.d.ts') or was abandoned.
2025-08-01 03:29:24.286 [warning] Via 'product.json#extensionEnabledApiProposals' extension 'ms-python.gather' wants API proposal 'notebookCellExecutionState' but that proposal DOES NOT EXIST. Likely, the proposal has been finalized (check 'vscode.d.ts') or was abandoned.
2025-08-01 03:29:24.286 [warning] Via 'product.json#extensionEnabledApiProposals' extension 'ms-python.vscode-pylance' wants API proposal 'mcpConfigurationProvider' but that proposal DOES NOT EXIST. Likely, the proposal has been finalized (check 'vscode.d.ts') or was abandoned.
2025-08-01 03:29:24.496 [info] Started local extension host with pid 101381.
2025-08-01 03:29:24.997 [info] ChatSessionStore: Migrating 0 chat sessions from storage service to file system
2025-08-01 03:29:25.456 [info] Settings Sync: Account status changed from uninitialized to unavailable
2025-08-01 03:29:27.196 [info] [perf] Render performance baseline is 24ms
2025-08-01 03:29:29.805 [error] [Extension Host] (node:101381) ExperimentalWarning: SQLite is an experimental feature and might change at any time
(Use `exe --trace-warnings ...` to show where the warning was created)
