2025-08-01 07:07:01.347 [info] Reading sessions from keychain...
2025-08-01 07:07:01.347 [info] Getting sessions for all scopes...
2025-08-01 07:07:01.347 [info] Got stored sessions!
2025-08-01 07:07:01.347 [info] Got 1 verified sessions.
2025-08-01 07:07:01.347 [info] Got 1 sessions for ...
2025-08-01 07:07:01.347 [info] Getting sessions for all scopes...
2025-08-01 07:07:01.347 [info] Got 1 sessions for ...
2025-08-01 07:07:01.347 [info] Getting sessions for all scopes...
2025-08-01 07:07:01.347 [info] Got 1 sessions for ...
2025-08-01 07:07:01.347 [info] Getting sessions for all scopes...
2025-08-01 07:07:01.347 [info] Got 1 sessions for ...
2025-08-01 07:07:01.347 [info] Getting sessions for all scopes...
2025-08-01 07:07:01.347 [info] Got 1 sessions for ...
2025-08-01 07:07:01.347 [info] Getting sessions for all scopes...
2025-08-01 07:07:01.347 [info] Got 1 sessions for ...
2025-08-01 07:07:01.347 [info] Getting sessions for all scopes...
2025-08-01 07:07:01.347 [info] Got 1 sessions for ...
2025-08-01 07:07:01.347 [info] Getting sessions for all scopes...
2025-08-01 07:07:01.347 [info] Got 1 sessions for ...
2025-08-01 07:07:01.347 [info] Getting sessions for all scopes...
2025-08-01 07:07:01.347 [info] Got 1 sessions for ...
2025-08-01 07:07:01.347 [info] Getting sessions for all scopes...
2025-08-01 07:07:01.347 [info] Got 1 sessions for ...
2025-08-01 07:07:01.373 [info] Getting sessions for all scopes...
2025-08-01 07:07:01.373 [info] Got 1 sessions for ...
2025-08-01 07:07:01.374 [info] Getting sessions for all scopes...
2025-08-01 07:07:01.374 [info] Got 1 sessions for ...
2025-08-01 07:07:01.374 [info] Getting sessions for all scopes...
2025-08-01 07:07:01.374 [info] Got 1 sessions for ...
2025-08-01 07:07:01.374 [info] Getting sessions for all scopes...
2025-08-01 07:07:01.374 [info] Got 1 sessions for ...
2025-08-01 07:07:01.375 [info] Getting sessions for all scopes...
2025-08-01 07:07:01.375 [info] Got 1 sessions for ...
2025-08-01 07:07:01.375 [info] Getting sessions for all scopes...
2025-08-01 07:07:01.375 [info] Got 1 sessions for ...
2025-08-01 07:07:01.376 [info] Getting sessions for all scopes...
2025-08-01 07:07:01.376 [info] Got 1 sessions for ...
2025-08-01 07:07:01.376 [info] Getting sessions for all scopes...
2025-08-01 07:07:01.376 [info] Got 1 sessions for ...
2025-08-01 07:07:01.687 [info] Getting sessions for read:user,repo,user:email,workflow...
2025-08-01 07:07:01.687 [info] Got 0 sessions for read:user,repo,user:email,workflow...
2025-08-01 07:07:01.917 [info] Getting sessions for all scopes...
2025-08-01 07:07:01.918 [info] Got 1 sessions for ...
2025-08-01 07:07:01.918 [info] Getting sessions for all scopes...
2025-08-01 07:07:01.918 [info] Got 1 sessions for ...
2025-08-01 07:07:01.919 [info] Getting sessions for all scopes...
2025-08-01 07:07:01.919 [info] Got 1 sessions for ...
2025-08-01 07:07:04.705 [info] Getting sessions for user:email...
2025-08-01 07:07:04.705 [info] Got 1 sessions for user:email...
2025-08-01 07:07:04.705 [info] Getting sessions for read:user,repo,user:email,workflow...
2025-08-01 07:07:04.705 [info] Got 0 sessions for read:user,repo,user:email,workflow...
2025-08-01 07:07:04.992 [info] Getting sessions for all scopes...
2025-08-01 07:07:04.992 [info] Got 1 sessions for ...
2025-08-01 07:07:05.397 [info] Getting sessions for all scopes...
2025-08-01 07:07:05.397 [info] Got 1 sessions for ...
2025-08-01 07:07:05.401 [info] Getting sessions for all scopes...
2025-08-01 07:07:05.401 [info] Got 1 sessions for ...
2025-08-01 07:07:05.401 [info] Getting sessions for read:user,repo,user:email,workflow...
2025-08-01 07:07:05.401 [info] Got 0 sessions for read:user,repo,user:email,workflow...
2025-08-01 07:07:05.401 [info] Getting sessions for read:user,repo,user:email,workflow...
2025-08-01 07:07:05.401 [info] Got 0 sessions for read:user,repo,user:email,workflow...
2025-08-01 07:07:05.427 [info] Getting sessions for read:user...
2025-08-01 07:07:05.427 [info] Got 0 sessions for read:user...
2025-08-01 07:07:05.428 [info] Getting sessions for user:email...
2025-08-01 07:07:05.428 [info] Got 1 sessions for user:email...
2025-08-01 07:07:05.430 [info] Getting sessions for user:email...
2025-08-01 07:07:05.430 [info] Got 1 sessions for user:email...
2025-08-01 07:07:05.430 [info] Getting sessions for all scopes...
2025-08-01 07:07:05.430 [info] Got 1 sessions for ...
2025-08-01 07:07:05.438 [info] Getting sessions for read:user,repo,user:email,workflow...
2025-08-01 07:07:05.438 [info] Got 0 sessions for read:user,repo,user:email,workflow...
2025-08-01 07:07:05.608 [info] Getting sessions for user:email...
2025-08-01 07:07:05.608 [info] Got 1 sessions for user:email...
2025-08-01 07:07:06.752 [info] Getting sessions for all scopes...
2025-08-01 07:07:06.752 [info] Got 1 sessions for ...
2025-08-01 07:07:06.752 [info] Getting sessions for all scopes...
2025-08-01 07:07:06.752 [info] Got 1 sessions for ...
2025-08-01 07:07:06.774 [info] Getting sessions for read:user,repo,user:email,workflow...
2025-08-01 07:07:06.774 [info] Got 0 sessions for read:user,repo,user:email,workflow...
2025-08-01 07:07:06.786 [info] Getting sessions for user:email...
2025-08-01 07:07:06.786 [info] Got 1 sessions for user:email...
2025-08-01 07:07:06.786 [info] Getting sessions for read:user,repo,user:email,workflow...
2025-08-01 07:07:06.786 [info] Got 0 sessions for read:user,repo,user:email,workflow...
2025-08-01 07:07:06.787 [info] Getting sessions for all scopes...
2025-08-01 07:07:06.787 [info] Got 1 sessions for ...
2025-08-01 07:07:06.788 [info] Getting sessions for read:user,repo,user:email,workflow...
2025-08-01 07:07:06.788 [info] Got 0 sessions for read:user,repo,user:email,workflow...
2025-08-01 07:07:06.788 [info] Getting sessions for user:email...
2025-08-01 07:07:06.788 [info] Got 1 sessions for user:email...
2025-08-01 07:07:14.933 [info] Getting sessions for all scopes...
2025-08-01 07:07:14.933 [info] Got 1 sessions for ...
2025-08-01 07:07:14.945 [info] Getting sessions for read:user,repo,user:email,workflow...
2025-08-01 07:07:14.945 [info] Got 0 sessions for read:user,repo,user:email,workflow...
2025-08-01 07:07:14.946 [info] Getting sessions for user:email...
2025-08-01 07:07:14.946 [info] Got 1 sessions for user:email...
2025-08-01 07:07:14.953 [info] Getting sessions for all scopes...
2025-08-01 07:07:14.953 [info] Got 1 sessions for ...
2025-08-01 07:07:14.953 [info] Getting sessions for all scopes...
2025-08-01 07:07:14.953 [info] Got 1 sessions for ...
2025-08-01 07:07:14.954 [info] Getting sessions for read:user,repo,user:email,workflow...
2025-08-01 07:07:14.954 [info] Got 0 sessions for read:user,repo,user:email,workflow...
2025-08-01 07:07:14.955 [info] Getting sessions for user:email...
2025-08-01 07:07:14.955 [info] Got 1 sessions for user:email...
2025-08-01 07:07:14.955 [info] Getting sessions for read:user,repo,user:email,workflow...
2025-08-01 07:07:14.955 [info] Got 0 sessions for read:user,repo,user:email,workflow...
2025-08-01 07:07:14.957 [info] Getting sessions for all scopes...
2025-08-01 07:07:14.957 [info] Got 1 sessions for ...
2025-08-01 07:07:14.958 [info] Getting sessions for read:user,repo,user:email,workflow...
2025-08-01 07:07:14.958 [info] Got 0 sessions for read:user,repo,user:email,workflow...
2025-08-01 07:07:14.958 [info] Getting sessions for user:email...
2025-08-01 07:07:14.958 [info] Got 1 sessions for user:email...
2025-08-01 07:07:15.346 [info] Getting sessions for all scopes...
2025-08-01 07:07:15.346 [info] Got 1 sessions for ...
2025-08-01 07:07:15.347 [info] Getting sessions for read:user,repo,user:email,workflow...
2025-08-01 07:07:15.347 [info] Got 0 sessions for read:user,repo,user:email,workflow...
2025-08-01 07:07:15.347 [info] Getting sessions for user:email...
2025-08-01 07:07:15.347 [info] Got 1 sessions for user:email...
2025-08-01 07:07:15.349 [info] Getting sessions for all scopes...
2025-08-01 07:07:15.349 [info] Got 1 sessions for ...
2025-08-01 07:07:15.349 [info] Getting sessions for read:user,repo,user:email,workflow...
2025-08-01 07:07:15.349 [info] Got 0 sessions for read:user,repo,user:email,workflow...
2025-08-01 07:07:15.350 [info] Getting sessions for user:email...
2025-08-01 07:07:15.350 [info] Got 1 sessions for user:email...
2025-08-01 07:07:15.351 [info] Getting sessions for all scopes...
2025-08-01 07:07:15.351 [info] Got 1 sessions for ...
2025-08-01 07:07:15.352 [info] Getting sessions for read:user,repo,user:email,workflow...
2025-08-01 07:07:15.352 [info] Got 0 sessions for read:user,repo,user:email,workflow...
2025-08-01 07:07:15.352 [info] Getting sessions for user:email...
2025-08-01 07:07:15.352 [info] Got 1 sessions for user:email...
2025-08-01 07:07:15.355 [info] Getting sessions for all scopes...
2025-08-01 07:07:15.355 [info] Got 1 sessions for ...
2025-08-01 07:07:15.356 [info] Getting sessions for read:user,repo,user:email,workflow...
2025-08-01 07:07:15.356 [info] Got 0 sessions for read:user,repo,user:email,workflow...
2025-08-01 07:07:15.356 [info] Getting sessions for user:email...
2025-08-01 07:07:15.356 [info] Got 1 sessions for user:email...
2025-08-01 07:07:16.570 [info] Getting sessions for all scopes...
2025-08-01 07:07:16.570 [info] Got 1 sessions for ...
2025-08-01 07:07:54.895 [info] Getting sessions for all scopes...
2025-08-01 07:07:54.895 [info] Got 1 sessions for ...
2025-08-01 07:07:54.896 [info] Getting sessions for read:user,repo,user:email,workflow...
2025-08-01 07:07:54.896 [info] Got 0 sessions for read:user,repo,user:email,workflow...
2025-08-01 07:07:54.897 [info] Getting sessions for user:email...
2025-08-01 07:07:54.897 [info] Got 1 sessions for user:email...
2025-08-01 07:07:56.835 [info] Getting sessions for all scopes...
2025-08-01 07:07:56.835 [info] Got 1 sessions for ...
2025-08-01 07:07:56.836 [info] Getting sessions for read:user,repo,user:email,workflow...
2025-08-01 07:07:56.836 [info] Got 0 sessions for read:user,repo,user:email,workflow...
2025-08-01 07:07:56.836 [info] Getting sessions for user:email...
2025-08-01 07:07:56.836 [info] Got 1 sessions for user:email...
2025-08-01 07:08:08.566 [info] Getting sessions for all scopes...
2025-08-01 07:08:08.566 [info] Got 1 sessions for ...
2025-08-01 07:08:08.572 [info] Getting sessions for read:user,repo,user:email,workflow...
2025-08-01 07:08:08.572 [info] Got 0 sessions for read:user,repo,user:email,workflow...
2025-08-01 07:08:08.573 [info] Getting sessions for user:email...
2025-08-01 07:08:08.573 [info] Got 1 sessions for user:email...
