2025-08-01 03:27:14.775 [info] Reading sessions from keychain...
2025-08-01 03:27:14.775 [info] Getting sessions for all scopes...
2025-08-01 03:27:14.775 [info] Got 0 sessions for ...
2025-08-01 03:27:14.775 [info] Getting sessions for all scopes...
2025-08-01 03:27:14.775 [info] Got 0 sessions for ...
2025-08-01 03:27:14.775 [info] Getting sessions for all scopes...
2025-08-01 03:27:14.775 [info] Got 0 sessions for ...
2025-08-01 03:27:14.775 [info] Getting sessions for all scopes...
2025-08-01 03:27:14.775 [info] Got 0 sessions for ...
2025-08-01 03:27:14.775 [info] Getting sessions for all scopes...
2025-08-01 03:27:14.775 [info] Got 0 sessions for ...
2025-08-01 03:27:14.775 [info] Getting sessions for all scopes...
2025-08-01 03:27:14.775 [info] Got 0 sessions for ...
2025-08-01 03:27:14.775 [info] Getting sessions for all scopes...
2025-08-01 03:27:14.775 [info] Got 0 sessions for ...
2025-08-01 03:27:14.775 [info] Getting sessions for all scopes...
2025-08-01 03:27:14.775 [info] Got 0 sessions for ...
2025-08-01 03:27:14.775 [info] Getting sessions for all scopes...
2025-08-01 03:27:14.775 [info] Got 0 sessions for ...
2025-08-01 03:27:14.775 [info] Getting sessions for all scopes...
2025-08-01 03:27:14.775 [info] Got 0 sessions for ...
2025-08-01 03:27:14.775 [info] Getting sessions for all scopes...
2025-08-01 03:27:14.775 [info] Got 0 sessions for ...
2025-08-01 03:27:14.775 [info] Getting sessions for all scopes...
2025-08-01 03:27:14.775 [info] Got 0 sessions for ...
2025-08-01 03:27:14.775 [info] Getting sessions for all scopes...
2025-08-01 03:27:14.775 [info] Got 0 sessions for ...
2025-08-01 03:27:14.775 [info] Getting sessions for all scopes...
2025-08-01 03:27:14.775 [info] Got 0 sessions for ...
2025-08-01 03:27:18.102 [info] Getting sessions for all scopes...
2025-08-01 03:27:18.102 [info] Got 0 sessions for ...
2025-08-01 03:27:18.110 [info] Getting sessions for all scopes...
2025-08-01 03:27:18.110 [info] Got 0 sessions for ...
2025-08-01 03:27:18.111 [info] Getting sessions for all scopes...
2025-08-01 03:27:18.111 [info] Got 0 sessions for ...
2025-08-01 03:27:18.111 [info] Getting sessions for all scopes...
2025-08-01 03:27:18.111 [info] Got 0 sessions for ...
2025-08-01 03:27:18.185 [info] Getting sessions for all scopes...
2025-08-01 03:27:18.185 [info] Got 0 sessions for ...
2025-08-01 03:27:18.185 [info] Getting sessions for all scopes...
2025-08-01 03:27:18.185 [info] Got 0 sessions for ...
2025-08-01 03:27:18.845 [info] Getting sessions for user:email...
2025-08-01 03:27:18.845 [info] Got 0 sessions for user:email...
2025-08-01 03:27:18.845 [info] Getting sessions for all scopes...
2025-08-01 03:27:18.845 [info] Got 0 sessions for ...
2025-08-01 03:27:18.868 [info] Getting sessions for read:user,repo,user:email,workflow...
2025-08-01 03:27:18.868 [info] Got 0 sessions for read:user,repo,user:email,workflow...
2025-08-01 03:27:18.945 [info] Getting sessions for all scopes...
2025-08-01 03:27:18.945 [info] Got 0 sessions for ...
2025-08-01 03:27:18.946 [info] Getting sessions for read:user,repo,user:email,workflow...
2025-08-01 03:27:18.946 [info] Got 0 sessions for read:user,repo,user:email,workflow...
2025-08-01 03:27:19.018 [info] Getting sessions for all scopes...
2025-08-01 03:27:19.018 [info] Got 0 sessions for ...
2025-08-01 03:27:19.021 [info] Getting sessions for read:user...
2025-08-01 03:27:19.021 [info] Got 0 sessions for read:user...
2025-08-01 03:27:19.029 [info] Getting sessions for user:email...
2025-08-01 03:27:19.029 [info] Got 0 sessions for user:email...
2025-08-01 03:27:19.031 [info] Getting sessions for user:email...
2025-08-01 03:27:19.032 [info] Got 0 sessions for user:email...
2025-08-01 03:27:19.055 [info] Getting sessions for all scopes...
2025-08-01 03:27:19.055 [info] Got 0 sessions for ...
2025-08-01 03:27:19.268 [info] Getting sessions for user:email...
2025-08-01 03:27:19.268 [info] Got 0 sessions for user:email...
2025-08-01 03:27:28.957 [info] Getting sessions for all scopes...
2025-08-01 03:27:28.957 [info] Got 0 sessions for ...
2025-08-01 03:27:28.958 [info] Getting sessions for user:email...
2025-08-01 03:27:28.958 [info] Got 0 sessions for user:email...
2025-08-01 03:27:28.960 [info] Getting sessions for all scopes...
2025-08-01 03:27:28.960 [info] Got 0 sessions for ...
2025-08-01 03:27:28.960 [info] Getting sessions for all scopes...
2025-08-01 03:27:28.960 [info] Got 0 sessions for ...
2025-08-01 03:27:28.960 [info] Getting sessions for user:email...
2025-08-01 03:27:28.960 [info] Got 0 sessions for user:email...
2025-08-01 03:27:28.965 [info] Getting sessions for all scopes...
2025-08-01 03:27:28.965 [info] Got 0 sessions for ...
2025-08-01 03:27:28.965 [info] Getting sessions for user:email...
2025-08-01 03:27:28.965 [info] Got 0 sessions for user:email...
2025-08-01 03:28:15.474 [info] Logging in with 'any' account...
2025-08-01 03:28:15.474 [info] Logging in for the following scopes: user:email
2025-08-01 03:28:15.534 [info] Trying with local server... (user:email)
2025-08-01 03:28:20.827 [info] Exchanging code for token...
2025-08-01 03:28:21.246 [info] Token exchange success!
2025-08-01 03:28:21.249 [info] Getting user info...
2025-08-01 03:28:21.886 [info] Got account info!
2025-08-01 03:28:21.886 [info] Storing 1 sessions...
2025-08-01 03:28:21.889 [info] Reading sessions from keychain...
2025-08-01 03:28:21.889 [info] Stored 1 sessions!
2025-08-01 03:28:21.890 [info] Login success!
2025-08-01 03:28:21.891 [info] Getting sessions for all scopes...
2025-08-01 03:28:21.895 [info] Got stored sessions!
2025-08-01 03:28:21.895 [info] Got 1 verified sessions.
2025-08-01 03:28:21.895 [info] Got 1 sessions for ...
2025-08-01 03:28:21.895 [info] Getting sessions for all scopes...
2025-08-01 03:28:21.895 [info] Got 1 sessions for ...
2025-08-01 03:28:21.896 [info] Getting sessions for all scopes...
2025-08-01 03:28:21.896 [info] Got 1 sessions for ...
2025-08-01 03:28:21.898 [info] Getting sessions for all scopes...
2025-08-01 03:28:21.898 [info] Got 1 sessions for ...
2025-08-01 03:28:21.898 [info] Getting sessions for all scopes...
2025-08-01 03:28:21.898 [info] Got 1 sessions for ...
2025-08-01 03:28:21.898 [info] Getting sessions for read:user,repo,user:email,workflow...
2025-08-01 03:28:21.898 [info] Got 0 sessions for read:user,repo,user:email,workflow...
2025-08-01 03:28:21.900 [info] Getting sessions for read:user,repo,user:email,workflow...
2025-08-01 03:28:21.900 [info] Got 0 sessions for read:user,repo,user:email,workflow...
2025-08-01 03:28:21.900 [info] Getting sessions for read:user...
2025-08-01 03:28:21.900 [info] Got 0 sessions for read:user...
2025-08-01 03:28:21.901 [info] Getting sessions for user:email...
2025-08-01 03:28:21.901 [info] Got 1 sessions for user:email...
2025-08-01 03:28:21.902 [info] Getting sessions for read:user,repo,user:email,workflow...
2025-08-01 03:28:21.902 [info] Got 0 sessions for read:user,repo,user:email,workflow...
2025-08-01 03:28:21.902 [info] Getting sessions for user:email...
2025-08-01 03:28:21.902 [info] Got 1 sessions for user:email...
2025-08-01 03:28:21.937 [info] Getting sessions for all scopes...
2025-08-01 03:28:21.937 [info] Got 1 sessions for ...
2025-08-01 03:28:21.938 [info] Getting sessions for read:user,repo,user:email,workflow...
2025-08-01 03:28:21.938 [info] Got 0 sessions for read:user,repo,user:email,workflow...
2025-08-01 03:28:21.938 [info] Getting sessions for user:email...
2025-08-01 03:28:21.938 [info] Got 1 sessions for user:email...
2025-08-01 03:28:21.939 [info] Getting sessions for all scopes...
2025-08-01 03:28:21.939 [info] Got 1 sessions for ...
2025-08-01 03:28:21.940 [info] Getting sessions for read:user,repo,user:email,workflow...
2025-08-01 03:28:21.940 [info] Got 0 sessions for read:user,repo,user:email,workflow...
2025-08-01 03:28:21.941 [info] Getting sessions for user:email...
2025-08-01 03:28:21.941 [info] Got 1 sessions for user:email...
2025-08-01 03:28:22.999 [info] Getting sessions for all scopes...
2025-08-01 03:28:22.999 [info] Got 1 sessions for ...
2025-08-01 03:28:23.000 [info] Getting sessions for all scopes...
2025-08-01 03:28:23.000 [info] Got 1 sessions for ...
2025-08-01 03:28:23.000 [info] Getting sessions for read:user,repo,user:email,workflow...
2025-08-01 03:28:23.000 [info] Got 0 sessions for read:user,repo,user:email,workflow...
2025-08-01 03:28:23.001 [info] Getting sessions for user:email...
2025-08-01 03:28:23.001 [info] Got 1 sessions for user:email...
2025-08-01 03:28:23.001 [info] Getting sessions for read:user,repo,user:email,workflow...
2025-08-01 03:28:23.001 [info] Got 0 sessions for read:user,repo,user:email,workflow...
2025-08-01 03:28:23.017 [info] Getting sessions for all scopes...
2025-08-01 03:28:23.017 [info] Got 1 sessions for ...
2025-08-01 03:28:23.018 [info] Getting sessions for read:user,repo,user:email,workflow...
2025-08-01 03:28:23.018 [info] Got 0 sessions for read:user,repo,user:email,workflow...
2025-08-01 03:28:23.019 [info] Getting sessions for user:email...
2025-08-01 03:28:23.019 [info] Got 1 sessions for user:email...
2025-08-01 03:28:23.095 [info] Getting sessions for all scopes...
2025-08-01 03:28:23.095 [info] Got 1 sessions for ...
2025-08-01 03:28:23.095 [info] Getting sessions for all scopes...
2025-08-01 03:28:23.095 [info] Got 1 sessions for ...
2025-08-01 03:28:23.099 [info] Getting sessions for read:user,repo,user:email,workflow...
2025-08-01 03:28:23.099 [info] Got 0 sessions for read:user,repo,user:email,workflow...
2025-08-01 03:28:23.104 [info] Getting sessions for user:email...
2025-08-01 03:28:23.104 [info] Got 1 sessions for user:email...
2025-08-01 03:28:23.114 [info] Getting sessions for read:user,repo,user:email,workflow...
2025-08-01 03:28:23.114 [info] Got 0 sessions for read:user,repo,user:email,workflow...
2025-08-01 03:28:23.121 [info] Getting sessions for all scopes...
2025-08-01 03:28:23.121 [info] Got 1 sessions for ...
2025-08-01 03:28:23.124 [info] Getting sessions for all scopes...
2025-08-01 03:28:23.124 [info] Got 1 sessions for ...
2025-08-01 03:28:23.124 [info] Getting sessions for all scopes...
2025-08-01 03:28:23.124 [info] Got 1 sessions for ...
2025-08-01 03:28:23.132 [info] Getting sessions for read:user,repo,user:email,workflow...
2025-08-01 03:28:23.132 [info] Got 0 sessions for read:user,repo,user:email,workflow...
2025-08-01 03:28:23.149 [info] Getting sessions for user:email...
2025-08-01 03:28:23.149 [info] Got 1 sessions for user:email...
2025-08-01 03:28:24.957 [info] Getting sessions for all scopes...
2025-08-01 03:28:24.958 [info] Got 1 sessions for ...
2025-08-01 03:28:29.396 [info] Getting sessions for all scopes...
2025-08-01 03:28:29.396 [info] Got 1 sessions for ...
2025-08-01 03:28:29.397 [info] Getting sessions for read:user,repo,user:email,workflow...
2025-08-01 03:28:29.397 [info] Got 0 sessions for read:user,repo,user:email,workflow...
2025-08-01 03:28:29.399 [info] Getting sessions for user:email...
2025-08-01 03:28:29.399 [info] Got 1 sessions for user:email...
2025-08-01 03:28:30.675 [info] Getting sessions for all scopes...
2025-08-01 03:28:30.675 [info] Got 1 sessions for ...
2025-08-01 03:28:30.676 [info] Getting sessions for read:user,repo,user:email,workflow...
2025-08-01 03:28:30.676 [info] Got 0 sessions for read:user,repo,user:email,workflow...
2025-08-01 03:28:30.676 [info] Getting sessions for user:email...
2025-08-01 03:28:30.676 [info] Got 1 sessions for user:email...
2025-08-01 03:28:31.999 [info] Getting sessions for all scopes...
2025-08-01 03:28:31.999 [info] Got 1 sessions for ...
2025-08-01 03:28:31.999 [info] Getting sessions for read:user,repo,user:email,workflow...
2025-08-01 03:28:31.999 [info] Got 0 sessions for read:user,repo,user:email,workflow...
2025-08-01 03:28:32.000 [info] Getting sessions for user:email...
2025-08-01 03:28:32.000 [info] Got 1 sessions for user:email...
2025-08-01 03:29:25.249 [info] Reading sessions from keychain...
2025-08-01 03:29:25.249 [info] Getting sessions for all scopes...
2025-08-01 03:29:25.257 [info] Got stored sessions!
2025-08-01 03:29:25.257 [info] Got 1 verified sessions.
2025-08-01 03:29:25.257 [info] Got 1 sessions for ...
2025-08-01 03:29:25.258 [info] Getting sessions for all scopes...
2025-08-01 03:29:25.258 [info] Got 1 sessions for ...
2025-08-01 03:29:25.258 [info] Getting sessions for all scopes...
2025-08-01 03:29:25.258 [info] Got 1 sessions for ...
2025-08-01 03:29:25.258 [info] Getting sessions for all scopes...
2025-08-01 03:29:25.258 [info] Got 1 sessions for ...
2025-08-01 03:29:25.258 [info] Getting sessions for all scopes...
2025-08-01 03:29:25.258 [info] Got 1 sessions for ...
2025-08-01 03:29:25.258 [info] Getting sessions for all scopes...
2025-08-01 03:29:25.258 [info] Got 1 sessions for ...
2025-08-01 03:29:25.258 [info] Getting sessions for all scopes...
2025-08-01 03:29:25.258 [info] Got 1 sessions for ...
2025-08-01 03:29:25.258 [info] Getting sessions for all scopes...
2025-08-01 03:29:25.258 [info] Got 1 sessions for ...
2025-08-01 03:29:25.259 [info] Getting sessions for all scopes...
2025-08-01 03:29:25.259 [info] Got 1 sessions for ...
2025-08-01 03:29:25.260 [info] Getting sessions for all scopes...
2025-08-01 03:29:25.260 [info] Got 1 sessions for ...
2025-08-01 03:29:25.260 [info] Getting sessions for all scopes...
2025-08-01 03:29:25.260 [info] Got 1 sessions for ...
2025-08-01 03:29:25.260 [info] Getting sessions for all scopes...
2025-08-01 03:29:25.260 [info] Got 1 sessions for ...
2025-08-01 03:29:25.260 [info] Getting sessions for all scopes...
2025-08-01 03:29:25.260 [info] Got 1 sessions for ...
2025-08-01 03:29:25.260 [info] Getting sessions for all scopes...
2025-08-01 03:29:25.260 [info] Got 1 sessions for ...
2025-08-01 03:29:25.588 [info] Getting sessions for all scopes...
2025-08-01 03:29:25.588 [info] Got 1 sessions for ...
2025-08-01 03:29:27.048 [info] Getting sessions for all scopes...
2025-08-01 03:29:27.048 [info] Got 1 sessions for ...
2025-08-01 03:29:27.048 [info] Getting sessions for all scopes...
2025-08-01 03:29:27.048 [info] Got 1 sessions for ...
2025-08-01 03:29:27.057 [info] Getting sessions for all scopes...
2025-08-01 03:29:27.057 [info] Got 1 sessions for ...
2025-08-01 03:29:29.971 [info] Getting sessions for all scopes...
2025-08-01 03:29:29.971 [info] Got 1 sessions for ...
2025-08-01 03:29:29.971 [info] Getting sessions for all scopes...
2025-08-01 03:29:29.971 [info] Got 1 sessions for ...
2025-08-01 03:29:30.660 [info] Getting sessions for all scopes...
2025-08-01 03:29:30.660 [info] Got 1 sessions for ...
2025-08-01 03:29:30.667 [info] Getting sessions for read:user,repo,user:email,workflow...
2025-08-01 03:29:30.667 [info] Got 0 sessions for read:user,repo,user:email,workflow...
2025-08-01 03:29:30.668 [info] Getting sessions for all scopes...
2025-08-01 03:29:30.668 [info] Got 1 sessions for ...
2025-08-01 03:29:30.668 [info] Getting sessions for read:user,repo,user:email,workflow...
2025-08-01 03:29:30.668 [info] Got 0 sessions for read:user,repo,user:email,workflow...
2025-08-01 03:29:30.720 [info] Getting sessions for user:email...
2025-08-01 03:29:30.720 [info] Got 1 sessions for user:email...
2025-08-01 03:29:30.720 [info] Getting sessions for read:user,repo,user:email,workflow...
2025-08-01 03:29:30.720 [info] Got 0 sessions for read:user,repo,user:email,workflow...
2025-08-01 03:29:30.720 [info] Getting sessions for read:user...
2025-08-01 03:29:30.720 [info] Got 0 sessions for read:user...
2025-08-01 03:29:30.746 [info] Getting sessions for all scopes...
2025-08-01 03:29:30.746 [info] Got 1 sessions for ...
2025-08-01 03:29:30.746 [info] Getting sessions for user:email...
2025-08-01 03:29:30.746 [info] Got 1 sessions for user:email...
2025-08-01 03:29:30.752 [info] Getting sessions for read:user,repo,user:email,workflow...
2025-08-01 03:29:30.752 [info] Got 0 sessions for read:user,repo,user:email,workflow...
2025-08-01 03:29:30.754 [info] Getting sessions for user:email...
2025-08-01 03:29:30.754 [info] Got 1 sessions for user:email...
2025-08-01 03:29:30.899 [info] Getting sessions for all scopes...
2025-08-01 03:29:30.899 [info] Got 1 sessions for ...
2025-08-01 03:29:30.900 [info] Getting sessions for read:user,repo,user:email,workflow...
2025-08-01 03:29:30.900 [info] Got 0 sessions for read:user,repo,user:email,workflow...
2025-08-01 03:29:30.901 [info] Getting sessions for user:email...
2025-08-01 03:29:30.901 [info] Got 1 sessions for user:email...
2025-08-01 03:29:32.060 [info] Getting sessions for all scopes...
2025-08-01 03:29:32.060 [info] Got 1 sessions for ...
2025-08-01 03:29:32.060 [info] Getting sessions for all scopes...
2025-08-01 03:29:32.060 [info] Got 1 sessions for ...
2025-08-01 03:29:32.093 [info] Getting sessions for read:user,repo,user:email,workflow...
2025-08-01 03:29:32.093 [info] Got 0 sessions for read:user,repo,user:email,workflow...
2025-08-01 03:29:32.098 [info] Getting sessions for user:email...
2025-08-01 03:29:32.098 [info] Got 1 sessions for user:email...
2025-08-01 03:29:32.098 [info] Getting sessions for read:user,repo,user:email,workflow...
2025-08-01 03:29:32.098 [info] Got 0 sessions for read:user,repo,user:email,workflow...
2025-08-01 03:29:32.099 [info] Getting sessions for all scopes...
2025-08-01 03:29:32.099 [info] Got 1 sessions for ...
2025-08-01 03:29:32.100 [info] Getting sessions for read:user,repo,user:email,workflow...
2025-08-01 03:29:32.100 [info] Got 0 sessions for read:user,repo,user:email,workflow...
2025-08-01 03:29:32.101 [info] Getting sessions for user:email...
2025-08-01 03:29:32.101 [info] Got 1 sessions for user:email...
2025-08-01 03:29:40.168 [info] Getting sessions for read:user,repo,user:email,workflow...
2025-08-01 03:29:40.168 [info] Got 0 sessions for read:user,repo,user:email,workflow...
2025-08-01 03:29:40.304 [info] Getting sessions for all scopes...
2025-08-01 03:29:40.304 [info] Got 1 sessions for ...
2025-08-01 03:29:40.335 [info] Getting sessions for read:user,repo,user:email,workflow...
2025-08-01 03:29:40.335 [info] Got 0 sessions for read:user,repo,user:email,workflow...
2025-08-01 03:29:40.462 [info] Getting sessions for user:email...
2025-08-01 03:29:40.462 [info] Got 1 sessions for user:email...
2025-08-01 03:29:40.730 [info] Getting sessions for all scopes...
2025-08-01 03:29:40.730 [info] Got 1 sessions for ...
2025-08-01 03:29:40.730 [info] Getting sessions for all scopes...
2025-08-01 03:29:40.730 [info] Got 1 sessions for ...
2025-08-01 03:29:40.731 [info] Getting sessions for read:user,repo,user:email,workflow...
2025-08-01 03:29:40.731 [info] Got 0 sessions for read:user,repo,user:email,workflow...
2025-08-01 03:29:40.732 [info] Getting sessions for user:email...
2025-08-01 03:29:40.732 [info] Got 1 sessions for user:email...
2025-08-01 03:29:40.732 [info] Getting sessions for read:user,repo,user:email,workflow...
2025-08-01 03:29:40.732 [info] Got 0 sessions for read:user,repo,user:email,workflow...
2025-08-01 03:29:40.738 [info] Getting sessions for all scopes...
2025-08-01 03:29:40.738 [info] Got 1 sessions for ...
2025-08-01 03:29:40.739 [info] Getting sessions for read:user,repo,user:email,workflow...
2025-08-01 03:29:40.739 [info] Got 0 sessions for read:user,repo,user:email,workflow...
2025-08-01 03:29:40.740 [info] Getting sessions for user:email...
2025-08-01 03:29:40.740 [info] Got 1 sessions for user:email...
2025-08-01 03:29:41.196 [info] Getting sessions for all scopes...
2025-08-01 03:29:41.197 [info] Got 1 sessions for ...
2025-08-01 03:29:41.200 [info] Getting sessions for all scopes...
2025-08-01 03:29:41.200 [info] Got 1 sessions for ...
2025-08-01 03:29:41.200 [info] Getting sessions for read:user,repo,user:email,workflow...
2025-08-01 03:29:41.200 [info] Got 0 sessions for read:user,repo,user:email,workflow...
2025-08-01 03:29:41.201 [info] Getting sessions for user:email...
2025-08-01 03:29:41.201 [info] Got 1 sessions for user:email...
2025-08-01 03:29:41.202 [info] Getting sessions for read:user,repo,user:email,workflow...
2025-08-01 03:29:41.202 [info] Got 0 sessions for read:user,repo,user:email,workflow...
2025-08-01 03:29:41.203 [info] Getting sessions for all scopes...
2025-08-01 03:29:41.203 [info] Got 1 sessions for ...
2025-08-01 03:29:41.204 [info] Getting sessions for read:user,repo,user:email,workflow...
2025-08-01 03:29:41.204 [info] Got 0 sessions for read:user,repo,user:email,workflow...
2025-08-01 03:29:41.206 [info] Getting sessions for user:email...
2025-08-01 03:29:41.206 [info] Got 1 sessions for user:email...
2025-08-01 03:29:41.208 [info] Getting sessions for all scopes...
2025-08-01 03:29:41.208 [info] Got 1 sessions for ...
2025-08-01 03:29:41.210 [info] Getting sessions for read:user,repo,user:email,workflow...
2025-08-01 03:29:41.210 [info] Got 0 sessions for read:user,repo,user:email,workflow...
2025-08-01 03:29:41.211 [info] Getting sessions for user:email...
2025-08-01 03:29:41.211 [info] Got 1 sessions for user:email...
2025-08-01 03:29:41.213 [info] Getting sessions for all scopes...
2025-08-01 03:29:41.213 [info] Got 1 sessions for ...
2025-08-01 03:29:41.214 [info] Getting sessions for read:user,repo,user:email,workflow...
2025-08-01 03:29:41.214 [info] Got 0 sessions for read:user,repo,user:email,workflow...
2025-08-01 03:29:41.215 [info] Getting sessions for user:email...
2025-08-01 03:29:41.215 [info] Got 1 sessions for user:email...
2025-08-01 03:29:41.633 [info] Getting sessions for all scopes...
2025-08-01 03:29:41.633 [info] Got 1 sessions for ...
2025-08-01 03:29:41.765 [info] Getting sessions for all scopes...
2025-08-01 03:29:41.765 [info] Got 1 sessions for ...
2025-08-01 03:29:41.766 [info] Getting sessions for read:user,repo,user:email,workflow...
2025-08-01 03:29:41.766 [info] Got 0 sessions for read:user,repo,user:email,workflow...
2025-08-01 03:29:41.767 [info] Getting sessions for user:email...
2025-08-01 03:29:41.767 [info] Got 1 sessions for user:email...
2025-08-01 03:30:53.392 [info] Getting sessions for all scopes...
2025-08-01 03:30:53.392 [info] Got 1 sessions for ...
2025-08-01 03:30:53.393 [info] Getting sessions for read:user,repo,user:email,workflow...
2025-08-01 03:30:53.393 [info] Got 0 sessions for read:user,repo,user:email,workflow...
2025-08-01 03:30:53.394 [info] Getting sessions for user:email...
2025-08-01 03:30:53.394 [info] Got 1 sessions for user:email...
2025-08-01 03:30:54.096 [info] Getting sessions for all scopes...
2025-08-01 03:30:54.096 [info] Got 1 sessions for ...
2025-08-01 03:30:54.097 [info] Getting sessions for read:user,repo,user:email,workflow...
2025-08-01 03:30:54.097 [info] Got 0 sessions for read:user,repo,user:email,workflow...
2025-08-01 03:30:54.098 [info] Getting sessions for user:email...
2025-08-01 03:30:54.098 [info] Got 1 sessions for user:email...
2025-08-01 03:30:55.074 [info] Getting sessions for all scopes...
2025-08-01 03:30:55.074 [info] Got 1 sessions for ...
2025-08-01 03:30:55.074 [info] Getting sessions for read:user,repo,user:email,workflow...
2025-08-01 03:30:55.074 [info] Got 0 sessions for read:user,repo,user:email,workflow...
2025-08-01 03:30:55.075 [info] Getting sessions for user:email...
2025-08-01 03:30:55.075 [info] Got 1 sessions for user:email...
2025-08-01 03:31:02.045 [info] Getting sessions for all scopes...
2025-08-01 03:31:02.045 [info] Got 1 sessions for ...
2025-08-01 03:31:02.049 [info] Getting sessions for read:user,repo,user:email,workflow...
2025-08-01 03:31:02.049 [info] Got 0 sessions for read:user,repo,user:email,workflow...
2025-08-01 03:31:02.050 [info] Getting sessions for user:email...
2025-08-01 03:31:02.050 [info] Got 1 sessions for user:email...
2025-08-01 03:31:05.316 [info] Getting sessions for all scopes...
2025-08-01 03:31:05.316 [info] Got 1 sessions for ...
2025-08-01 03:31:05.318 [info] Getting sessions for read:user,repo,user:email,workflow...
2025-08-01 03:31:05.318 [info] Got 0 sessions for read:user,repo,user:email,workflow...
2025-08-01 03:31:05.319 [info] Getting sessions for user:email...
2025-08-01 03:31:05.319 [info] Got 1 sessions for user:email...
2025-08-01 03:31:11.405 [info] Getting sessions for all scopes...
2025-08-01 03:31:11.405 [info] Got 1 sessions for ...
2025-08-01 03:31:11.406 [info] Getting sessions for read:user,repo,user:email,workflow...
2025-08-01 03:31:11.406 [info] Got 0 sessions for read:user,repo,user:email,workflow...
2025-08-01 03:31:11.407 [info] Getting sessions for user:email...
2025-08-01 03:31:11.407 [info] Got 1 sessions for user:email...
2025-08-01 03:31:19.410 [info] Getting sessions for all scopes...
2025-08-01 03:31:19.410 [info] Got 1 sessions for ...
2025-08-01 03:31:19.411 [info] Getting sessions for read:user,repo,user:email,workflow...
2025-08-01 03:31:19.411 [info] Got 0 sessions for read:user,repo,user:email,workflow...
2025-08-01 03:31:19.412 [info] Getting sessions for user:email...
2025-08-01 03:31:19.412 [info] Got 1 sessions for user:email...
2025-08-01 03:31:29.472 [info] Getting sessions for all scopes...
2025-08-01 03:31:29.472 [info] Got 1 sessions for ...
2025-08-01 03:31:29.473 [info] Getting sessions for read:user,repo,user:email,workflow...
2025-08-01 03:31:29.473 [info] Got 0 sessions for read:user,repo,user:email,workflow...
2025-08-01 03:31:29.474 [info] Getting sessions for user:email...
2025-08-01 03:31:29.474 [info] Got 1 sessions for user:email...
2025-08-01 03:31:50.648 [info] Getting sessions for all scopes...
2025-08-01 03:31:50.648 [info] Got 1 sessions for ...
2025-08-01 03:31:50.650 [info] Getting sessions for read:user,repo,user:email,workflow...
2025-08-01 03:31:50.650 [info] Got 0 sessions for read:user,repo,user:email,workflow...
2025-08-01 03:31:50.650 [info] Getting sessions for user:email...
2025-08-01 03:31:50.651 [info] Got 1 sessions for user:email...
2025-08-01 03:31:51.736 [info] Getting sessions for all scopes...
2025-08-01 03:31:51.736 [info] Got 1 sessions for ...
2025-08-01 03:31:51.737 [info] Getting sessions for read:user,repo,user:email,workflow...
2025-08-01 03:31:51.737 [info] Got 0 sessions for read:user,repo,user:email,workflow...
2025-08-01 03:31:51.738 [info] Getting sessions for user:email...
2025-08-01 03:31:51.738 [info] Got 1 sessions for user:email...
2025-08-01 03:31:52.651 [info] Getting sessions for all scopes...
2025-08-01 03:31:52.651 [info] Got 1 sessions for ...
2025-08-01 03:31:52.652 [info] Getting sessions for read:user,repo,user:email,workflow...
2025-08-01 03:31:52.652 [info] Got 0 sessions for read:user,repo,user:email,workflow...
2025-08-01 03:31:52.653 [info] Getting sessions for user:email...
2025-08-01 03:31:52.653 [info] Got 1 sessions for user:email...
2025-08-01 03:31:53.219 [info] Getting sessions for all scopes...
2025-08-01 03:31:53.219 [info] Got 1 sessions for ...
2025-08-01 03:31:53.221 [info] Getting sessions for read:user,repo,user:email,workflow...
2025-08-01 03:31:53.221 [info] Got 0 sessions for read:user,repo,user:email,workflow...
2025-08-01 03:31:53.222 [info] Getting sessions for user:email...
2025-08-01 03:31:53.222 [info] Got 1 sessions for user:email...
2025-08-01 03:31:53.277 [info] Getting sessions for all scopes...
2025-08-01 03:31:53.277 [info] Got 1 sessions for ...
2025-08-01 03:31:53.278 [info] Getting sessions for read:user,repo,user:email,workflow...
2025-08-01 03:31:53.278 [info] Got 0 sessions for read:user,repo,user:email,workflow...
2025-08-01 03:31:53.278 [info] Getting sessions for user:email...
2025-08-01 03:31:53.278 [info] Got 1 sessions for user:email...
2025-08-01 03:32:10.563 [info] Getting sessions for all scopes...
2025-08-01 03:32:10.563 [info] Got 1 sessions for ...
2025-08-01 03:32:10.563 [info] Getting sessions for read:user,repo,user:email,workflow...
2025-08-01 03:32:10.563 [info] Got 0 sessions for read:user,repo,user:email,workflow...
2025-08-01 03:32:10.564 [info] Getting sessions for user:email...
2025-08-01 03:32:10.564 [info] Got 1 sessions for user:email...
2025-08-01 03:32:23.616 [info] Getting sessions for all scopes...
2025-08-01 03:32:23.616 [info] Got 1 sessions for ...
2025-08-01 03:32:23.618 [info] Getting sessions for read:user,repo,user:email,workflow...
2025-08-01 03:32:23.618 [info] Got 0 sessions for read:user,repo,user:email,workflow...
2025-08-01 03:32:23.619 [info] Getting sessions for user:email...
2025-08-01 03:32:23.619 [info] Got 1 sessions for user:email...
2025-08-01 03:32:24.430 [info] Getting sessions for all scopes...
2025-08-01 03:32:24.430 [info] Got 1 sessions for ...
2025-08-01 03:32:24.431 [info] Getting sessions for read:user,repo,user:email,workflow...
2025-08-01 03:32:24.431 [info] Got 0 sessions for read:user,repo,user:email,workflow...
2025-08-01 03:32:24.432 [info] Getting sessions for user:email...
2025-08-01 03:32:24.432 [info] Got 1 sessions for user:email...
2025-08-01 03:32:49.669 [info] Getting sessions for all scopes...
2025-08-01 03:32:49.669 [info] Got 1 sessions for ...
2025-08-01 03:32:49.670 [info] Getting sessions for read:user,repo,user:email,workflow...
2025-08-01 03:32:49.670 [info] Got 0 sessions for read:user,repo,user:email,workflow...
2025-08-01 03:32:49.671 [info] Getting sessions for user:email...
2025-08-01 03:32:49.671 [info] Got 1 sessions for user:email...
2025-08-01 03:32:50.357 [info] Getting sessions for all scopes...
2025-08-01 03:32:50.357 [info] Got 1 sessions for ...
2025-08-01 03:32:50.358 [info] Getting sessions for read:user,repo,user:email,workflow...
2025-08-01 03:32:50.359 [info] Got 0 sessions for read:user,repo,user:email,workflow...
2025-08-01 03:32:50.359 [info] Getting sessions for user:email...
2025-08-01 03:32:50.359 [info] Got 1 sessions for user:email...
2025-08-01 03:32:57.480 [info] Getting sessions for all scopes...
2025-08-01 03:32:57.480 [info] Got 1 sessions for ...
2025-08-01 03:32:57.481 [info] Getting sessions for read:user,repo,user:email,workflow...
2025-08-01 03:32:57.481 [info] Got 0 sessions for read:user,repo,user:email,workflow...
2025-08-01 03:32:57.482 [info] Getting sessions for user:email...
2025-08-01 03:32:57.482 [info] Got 1 sessions for user:email...
2025-08-01 03:33:24.646 [info] Getting sessions for all scopes...
2025-08-01 03:33:24.646 [info] Got 1 sessions for ...
2025-08-01 03:33:24.647 [info] Getting sessions for read:user,repo,user:email,workflow...
2025-08-01 03:33:24.647 [info] Got 0 sessions for read:user,repo,user:email,workflow...
2025-08-01 03:33:24.648 [info] Getting sessions for user:email...
2025-08-01 03:33:24.648 [info] Got 1 sessions for user:email...
2025-08-01 03:33:38.727 [info] Getting sessions for all scopes...
2025-08-01 03:33:38.727 [info] Got 1 sessions for ...
2025-08-01 03:33:38.730 [info] Getting sessions for read:user,repo,user:email,workflow...
2025-08-01 03:33:38.730 [info] Got 0 sessions for read:user,repo,user:email,workflow...
2025-08-01 03:33:38.732 [info] Getting sessions for user:email...
2025-08-01 03:33:38.732 [info] Got 1 sessions for user:email...
2025-08-01 03:33:41.656 [info] Getting sessions for all scopes...
2025-08-01 03:33:41.656 [info] Got 1 sessions for ...
2025-08-01 03:33:41.656 [info] Getting sessions for read:user,repo,user:email,workflow...
2025-08-01 03:33:41.656 [info] Got 0 sessions for read:user,repo,user:email,workflow...
2025-08-01 03:33:41.656 [info] Getting sessions for user:email...
2025-08-01 03:33:41.656 [info] Got 1 sessions for user:email...
2025-08-01 03:35:33.290 [info] Getting sessions for all scopes...
2025-08-01 03:35:33.290 [info] Got 1 sessions for ...
2025-08-01 03:35:33.291 [info] Getting sessions for read:user,repo,user:email,workflow...
2025-08-01 03:35:33.291 [info] Got 0 sessions for read:user,repo,user:email,workflow...
2025-08-01 03:35:33.292 [info] Getting sessions for user:email...
2025-08-01 03:35:33.292 [info] Got 1 sessions for user:email...
2025-08-01 03:35:39.009 [info] Getting sessions for all scopes...
2025-08-01 03:35:39.009 [info] Got 1 sessions for ...
2025-08-01 03:35:39.010 [info] Getting sessions for read:user,repo,user:email,workflow...
2025-08-01 03:35:39.010 [info] Got 0 sessions for read:user,repo,user:email,workflow...
2025-08-01 03:35:39.010 [info] Getting sessions for user:email...
2025-08-01 03:35:39.010 [info] Got 1 sessions for user:email...
2025-08-01 03:35:50.658 [info] Getting sessions for all scopes...
2025-08-01 03:35:50.658 [info] Got 1 sessions for ...
2025-08-01 03:35:50.659 [info] Getting sessions for read:user,repo,user:email,workflow...
2025-08-01 03:35:50.659 [info] Got 0 sessions for read:user,repo,user:email,workflow...
2025-08-01 03:35:50.660 [info] Getting sessions for user:email...
2025-08-01 03:35:50.660 [info] Got 1 sessions for user:email...
2025-08-01 03:36:24.325 [info] Getting sessions for all scopes...
2025-08-01 03:36:24.325 [info] Got 1 sessions for ...
2025-08-01 03:36:24.325 [info] Getting sessions for read:user,repo,user:email,workflow...
2025-08-01 03:36:24.325 [info] Got 0 sessions for read:user,repo,user:email,workflow...
2025-08-01 03:36:24.326 [info] Getting sessions for user:email...
2025-08-01 03:36:24.326 [info] Got 1 sessions for user:email...
2025-08-01 03:36:29.627 [info] Getting sessions for all scopes...
2025-08-01 03:36:29.627 [info] Got 1 sessions for ...
2025-08-01 03:36:29.628 [info] Getting sessions for read:user,repo,user:email,workflow...
2025-08-01 03:36:29.628 [info] Got 0 sessions for read:user,repo,user:email,workflow...
2025-08-01 03:36:29.628 [info] Getting sessions for user:email...
2025-08-01 03:36:29.628 [info] Got 1 sessions for user:email...
2025-08-01 03:36:35.807 [info] Getting sessions for all scopes...
2025-08-01 03:36:35.807 [info] Got 1 sessions for ...
2025-08-01 03:36:35.810 [info] Getting sessions for read:user,repo,user:email,workflow...
2025-08-01 03:36:35.810 [info] Got 0 sessions for read:user,repo,user:email,workflow...
2025-08-01 03:36:35.811 [info] Getting sessions for user:email...
2025-08-01 03:36:35.811 [info] Got 1 sessions for user:email...
2025-08-01 03:37:22.277 [info] Getting sessions for all scopes...
2025-08-01 03:37:22.277 [info] Got 1 sessions for ...
2025-08-01 03:37:22.278 [info] Getting sessions for read:user,repo,user:email,workflow...
2025-08-01 03:37:22.278 [info] Got 0 sessions for read:user,repo,user:email,workflow...
2025-08-01 03:37:22.278 [info] Getting sessions for user:email...
2025-08-01 03:37:22.278 [info] Got 1 sessions for user:email...
2025-08-01 03:37:33.115 [info] Getting sessions for all scopes...
2025-08-01 03:37:33.115 [info] Got 1 sessions for ...
2025-08-01 03:37:33.115 [info] Getting sessions for read:user,repo,user:email,workflow...
2025-08-01 03:37:33.115 [info] Got 0 sessions for read:user,repo,user:email,workflow...
2025-08-01 03:37:33.116 [info] Getting sessions for user:email...
2025-08-01 03:37:33.116 [info] Got 1 sessions for user:email...
2025-08-01 03:37:41.211 [info] Getting sessions for all scopes...
2025-08-01 03:37:41.211 [info] Got 1 sessions for ...
2025-08-01 03:37:41.212 [info] Getting sessions for read:user,repo,user:email,workflow...
2025-08-01 03:37:41.212 [info] Got 0 sessions for read:user,repo,user:email,workflow...
2025-08-01 03:37:41.213 [info] Getting sessions for user:email...
2025-08-01 03:37:41.213 [info] Got 1 sessions for user:email...
2025-08-01 03:37:47.402 [info] Getting sessions for all scopes...
2025-08-01 03:37:47.402 [info] Got 1 sessions for ...
2025-08-01 03:37:47.403 [info] Getting sessions for read:user,repo,user:email,workflow...
2025-08-01 03:37:47.403 [info] Got 0 sessions for read:user,repo,user:email,workflow...
2025-08-01 03:37:47.404 [info] Getting sessions for user:email...
2025-08-01 03:37:47.404 [info] Got 1 sessions for user:email...
2025-08-01 03:37:52.376 [info] Getting sessions for all scopes...
2025-08-01 03:37:52.376 [info] Got 1 sessions for ...
2025-08-01 03:37:52.377 [info] Getting sessions for read:user,repo,user:email,workflow...
2025-08-01 03:37:52.377 [info] Got 0 sessions for read:user,repo,user:email,workflow...
2025-08-01 03:37:52.378 [info] Getting sessions for user:email...
2025-08-01 03:37:52.378 [info] Got 1 sessions for user:email...
2025-08-01 03:37:57.444 [info] Getting sessions for all scopes...
2025-08-01 03:37:57.445 [info] Got 1 sessions for ...
2025-08-01 03:37:57.445 [info] Getting sessions for read:user,repo,user:email,workflow...
2025-08-01 03:37:57.445 [info] Got 0 sessions for read:user,repo,user:email,workflow...
2025-08-01 03:37:57.446 [info] Getting sessions for user:email...
2025-08-01 03:37:57.446 [info] Got 1 sessions for user:email...
2025-08-01 03:38:01.071 [info] Getting sessions for all scopes...
2025-08-01 03:38:01.071 [info] Got 1 sessions for ...
2025-08-01 03:38:01.072 [info] Getting sessions for read:user,repo,user:email,workflow...
2025-08-01 03:38:01.072 [info] Got 0 sessions for read:user,repo,user:email,workflow...
2025-08-01 03:38:01.072 [info] Getting sessions for user:email...
2025-08-01 03:38:01.073 [info] Got 1 sessions for user:email...
2025-08-01 03:38:58.564 [info] Getting sessions for all scopes...
2025-08-01 03:38:58.564 [info] Got 1 sessions for ...
2025-08-01 03:38:58.565 [info] Getting sessions for read:user,repo,user:email,workflow...
2025-08-01 03:38:58.565 [info] Got 0 sessions for read:user,repo,user:email,workflow...
2025-08-01 03:38:58.566 [info] Getting sessions for user:email...
2025-08-01 03:38:58.566 [info] Got 1 sessions for user:email...
2025-08-01 03:39:06.287 [info] Getting sessions for all scopes...
2025-08-01 03:39:06.287 [info] Got 1 sessions for ...
2025-08-01 03:39:06.288 [info] Getting sessions for read:user,repo,user:email,workflow...
2025-08-01 03:39:06.288 [info] Got 0 sessions for read:user,repo,user:email,workflow...
2025-08-01 03:39:06.289 [info] Getting sessions for user:email...
2025-08-01 03:39:06.289 [info] Got 1 sessions for user:email...
2025-08-01 03:39:09.462 [info] Getting sessions for all scopes...
2025-08-01 03:39:09.462 [info] Got 1 sessions for ...
2025-08-01 03:39:09.463 [info] Getting sessions for read:user,repo,user:email,workflow...
2025-08-01 03:39:09.463 [info] Got 0 sessions for read:user,repo,user:email,workflow...
2025-08-01 03:39:09.463 [info] Getting sessions for user:email...
2025-08-01 03:39:09.463 [info] Got 1 sessions for user:email...
2025-08-01 03:39:33.602 [info] Getting sessions for all scopes...
2025-08-01 03:39:33.602 [info] Got 1 sessions for ...
2025-08-01 03:39:33.689 [info] Getting sessions for read:user,repo,user:email,workflow...
2025-08-01 03:39:33.689 [info] Got 0 sessions for read:user,repo,user:email,workflow...
2025-08-01 03:39:33.691 [info] Getting sessions for user:email...
2025-08-01 03:39:33.691 [info] Got 1 sessions for user:email...
2025-08-01 03:40:11.485 [info] Getting sessions for all scopes...
2025-08-01 03:40:11.485 [info] Got 1 sessions for ...
2025-08-01 03:40:11.485 [info] Getting sessions for read:user,repo,user:email,workflow...
2025-08-01 03:40:11.485 [info] Got 0 sessions for read:user,repo,user:email,workflow...
2025-08-01 03:40:11.486 [info] Getting sessions for user:email...
2025-08-01 03:40:11.486 [info] Got 1 sessions for user:email...
2025-08-01 03:40:19.630 [info] Getting sessions for all scopes...
2025-08-01 03:40:19.630 [info] Got 1 sessions for ...
2025-08-01 03:40:19.630 [info] Getting sessions for read:user,repo,user:email,workflow...
2025-08-01 03:40:19.630 [info] Got 0 sessions for read:user,repo,user:email,workflow...
2025-08-01 03:40:19.631 [info] Getting sessions for user:email...
2025-08-01 03:40:19.631 [info] Got 1 sessions for user:email...
2025-08-01 03:40:35.555 [info] Getting sessions for all scopes...
2025-08-01 03:40:35.555 [info] Got 1 sessions for ...
2025-08-01 03:40:35.556 [info] Getting sessions for read:user,repo,user:email,workflow...
2025-08-01 03:40:35.556 [info] Got 0 sessions for read:user,repo,user:email,workflow...
2025-08-01 03:40:35.556 [info] Getting sessions for user:email...
2025-08-01 03:40:35.556 [info] Got 1 sessions for user:email...
2025-08-01 03:41:09.123 [info] Getting sessions for all scopes...
2025-08-01 03:41:09.123 [info] Got 1 sessions for ...
2025-08-01 03:41:09.124 [info] Getting sessions for read:user,repo,user:email,workflow...
2025-08-01 03:41:09.124 [info] Got 0 sessions for read:user,repo,user:email,workflow...
2025-08-01 03:41:09.125 [info] Getting sessions for user:email...
2025-08-01 03:41:09.125 [info] Got 1 sessions for user:email...
2025-08-01 03:41:30.157 [info] Getting sessions for all scopes...
2025-08-01 03:41:30.157 [info] Got 1 sessions for ...
2025-08-01 03:41:30.158 [info] Getting sessions for read:user,repo,user:email,workflow...
2025-08-01 03:41:30.158 [info] Got 0 sessions for read:user,repo,user:email,workflow...
2025-08-01 03:41:30.158 [info] Getting sessions for user:email...
2025-08-01 03:41:30.158 [info] Got 1 sessions for user:email...
2025-08-01 03:41:38.536 [info] Getting sessions for all scopes...
2025-08-01 03:41:38.536 [info] Got 1 sessions for ...
2025-08-01 03:41:38.537 [info] Getting sessions for read:user,repo,user:email,workflow...
2025-08-01 03:41:38.537 [info] Got 0 sessions for read:user,repo,user:email,workflow...
2025-08-01 03:41:38.538 [info] Getting sessions for user:email...
2025-08-01 03:41:38.538 [info] Got 1 sessions for user:email...
2025-08-01 03:41:47.133 [info] Getting sessions for all scopes...
2025-08-01 03:41:47.133 [info] Got 1 sessions for ...
2025-08-01 03:41:47.134 [info] Getting sessions for read:user,repo,user:email,workflow...
2025-08-01 03:41:47.134 [info] Got 0 sessions for read:user,repo,user:email,workflow...
2025-08-01 03:41:47.136 [info] Getting sessions for user:email...
2025-08-01 03:41:47.136 [info] Got 1 sessions for user:email...
2025-08-01 03:41:48.837 [info] Getting sessions for all scopes...
2025-08-01 03:41:48.837 [info] Got 1 sessions for ...
2025-08-01 03:41:48.838 [info] Getting sessions for read:user,repo,user:email,workflow...
2025-08-01 03:41:48.838 [info] Got 0 sessions for read:user,repo,user:email,workflow...
2025-08-01 03:41:48.839 [info] Getting sessions for user:email...
2025-08-01 03:41:48.839 [info] Got 1 sessions for user:email...
2025-08-01 03:41:50.817 [info] Getting sessions for all scopes...
2025-08-01 03:41:50.817 [info] Got 1 sessions for ...
2025-08-01 03:41:50.818 [info] Getting sessions for read:user,repo,user:email,workflow...
2025-08-01 03:41:50.818 [info] Got 0 sessions for read:user,repo,user:email,workflow...
2025-08-01 03:41:50.818 [info] Getting sessions for user:email...
2025-08-01 03:41:50.818 [info] Got 1 sessions for user:email...
2025-08-01 03:42:17.838 [info] Getting sessions for all scopes...
2025-08-01 03:42:17.838 [info] Got 1 sessions for ...
2025-08-01 03:42:17.839 [info] Getting sessions for read:user,repo,user:email,workflow...
2025-08-01 03:42:17.839 [info] Got 0 sessions for read:user,repo,user:email,workflow...
2025-08-01 03:42:17.840 [info] Getting sessions for user:email...
2025-08-01 03:42:17.840 [info] Got 1 sessions for user:email...
2025-08-01 03:42:19.218 [info] Getting sessions for all scopes...
2025-08-01 03:42:19.218 [info] Got 1 sessions for ...
2025-08-01 03:42:19.219 [info] Getting sessions for read:user,repo,user:email,workflow...
2025-08-01 03:42:19.219 [info] Got 0 sessions for read:user,repo,user:email,workflow...
2025-08-01 03:42:19.219 [info] Getting sessions for user:email...
2025-08-01 03:42:19.219 [info] Got 1 sessions for user:email...
2025-08-01 03:42:35.775 [info] Getting sessions for all scopes...
2025-08-01 03:42:35.775 [info] Got 1 sessions for ...
2025-08-01 03:42:35.776 [info] Getting sessions for read:user,repo,user:email,workflow...
2025-08-01 03:42:35.776 [info] Got 0 sessions for read:user,repo,user:email,workflow...
2025-08-01 03:42:35.777 [info] Getting sessions for user:email...
2025-08-01 03:42:35.777 [info] Got 1 sessions for user:email...
2025-08-01 03:42:47.047 [info] Getting sessions for all scopes...
2025-08-01 03:42:47.047 [info] Got 1 sessions for ...
2025-08-01 03:42:47.048 [info] Getting sessions for read:user,repo,user:email,workflow...
2025-08-01 03:42:47.048 [info] Got 0 sessions for read:user,repo,user:email,workflow...
2025-08-01 03:42:47.049 [info] Getting sessions for user:email...
2025-08-01 03:42:47.050 [info] Got 1 sessions for user:email...
2025-08-01 03:42:59.369 [info] Getting sessions for all scopes...
2025-08-01 03:42:59.369 [info] Got 1 sessions for ...
2025-08-01 03:42:59.370 [info] Getting sessions for read:user,repo,user:email,workflow...
2025-08-01 03:42:59.370 [info] Got 0 sessions for read:user,repo,user:email,workflow...
2025-08-01 03:42:59.371 [info] Getting sessions for user:email...
2025-08-01 03:42:59.371 [info] Got 1 sessions for user:email...
2025-08-01 03:43:01.451 [info] Getting sessions for all scopes...
2025-08-01 03:43:01.451 [info] Got 1 sessions for ...
2025-08-01 03:43:01.452 [info] Getting sessions for read:user,repo,user:email,workflow...
2025-08-01 03:43:01.452 [info] Got 0 sessions for read:user,repo,user:email,workflow...
2025-08-01 03:43:01.452 [info] Getting sessions for user:email...
2025-08-01 03:43:01.452 [info] Got 1 sessions for user:email...
2025-08-01 03:43:19.640 [info] Getting sessions for all scopes...
2025-08-01 03:43:19.640 [info] Got 1 sessions for ...
2025-08-01 03:43:19.641 [info] Getting sessions for read:user,repo,user:email,workflow...
2025-08-01 03:43:19.641 [info] Got 0 sessions for read:user,repo,user:email,workflow...
2025-08-01 03:43:19.642 [info] Getting sessions for user:email...
2025-08-01 03:43:19.642 [info] Got 1 sessions for user:email...
2025-08-01 03:43:23.787 [info] Getting sessions for all scopes...
2025-08-01 03:43:23.787 [info] Got 1 sessions for ...
2025-08-01 03:43:23.788 [info] Getting sessions for read:user,repo,user:email,workflow...
2025-08-01 03:43:23.788 [info] Got 0 sessions for read:user,repo,user:email,workflow...
2025-08-01 03:43:23.789 [info] Getting sessions for user:email...
2025-08-01 03:43:23.789 [info] Got 1 sessions for user:email...
2025-08-01 03:43:42.902 [info] Getting sessions for all scopes...
2025-08-01 03:43:42.902 [info] Got 1 sessions for ...
2025-08-01 03:43:42.903 [info] Getting sessions for read:user,repo,user:email,workflow...
2025-08-01 03:43:42.903 [info] Got 0 sessions for read:user,repo,user:email,workflow...
2025-08-01 03:43:42.903 [info] Getting sessions for user:email...
2025-08-01 03:43:42.903 [info] Got 1 sessions for user:email...
2025-08-01 03:43:52.093 [info] Getting sessions for all scopes...
2025-08-01 03:43:52.093 [info] Got 1 sessions for ...
2025-08-01 03:43:52.094 [info] Getting sessions for read:user,repo,user:email,workflow...
2025-08-01 03:43:52.094 [info] Got 0 sessions for read:user,repo,user:email,workflow...
2025-08-01 03:43:52.095 [info] Getting sessions for user:email...
2025-08-01 03:43:52.095 [info] Got 1 sessions for user:email...
2025-08-01 03:43:54.815 [info] Getting sessions for all scopes...
2025-08-01 03:43:54.815 [info] Got 1 sessions for ...
2025-08-01 03:43:54.815 [info] Getting sessions for read:user,repo,user:email,workflow...
2025-08-01 03:43:54.815 [info] Got 0 sessions for read:user,repo,user:email,workflow...
2025-08-01 03:43:54.816 [info] Getting sessions for user:email...
2025-08-01 03:43:54.816 [info] Got 1 sessions for user:email...
2025-08-01 03:44:33.456 [info] Getting sessions for all scopes...
2025-08-01 03:44:33.456 [info] Got 1 sessions for ...
2025-08-01 03:44:33.457 [info] Getting sessions for read:user,repo,user:email,workflow...
2025-08-01 03:44:33.457 [info] Got 0 sessions for read:user,repo,user:email,workflow...
2025-08-01 03:44:33.457 [info] Getting sessions for user:email...
2025-08-01 03:44:33.457 [info] Got 1 sessions for user:email...
2025-08-01 03:44:36.400 [info] Getting sessions for all scopes...
2025-08-01 03:44:36.400 [info] Got 1 sessions for ...
2025-08-01 03:44:36.401 [info] Getting sessions for read:user,repo,user:email,workflow...
2025-08-01 03:44:36.401 [info] Got 0 sessions for read:user,repo,user:email,workflow...
2025-08-01 03:44:36.401 [info] Getting sessions for user:email...
2025-08-01 03:44:36.401 [info] Got 1 sessions for user:email...
2025-08-01 03:44:41.809 [info] Getting sessions for all scopes...
2025-08-01 03:44:41.810 [info] Got 1 sessions for ...
2025-08-01 03:44:41.811 [info] Getting sessions for read:user,repo,user:email,workflow...
2025-08-01 03:44:41.811 [info] Got 0 sessions for read:user,repo,user:email,workflow...
2025-08-01 03:44:41.811 [info] Getting sessions for user:email...
2025-08-01 03:44:41.812 [info] Got 1 sessions for user:email...
2025-08-01 03:44:50.620 [info] Getting sessions for all scopes...
2025-08-01 03:44:50.620 [info] Got 1 sessions for ...
2025-08-01 03:44:50.622 [info] Getting sessions for read:user,repo,user:email,workflow...
2025-08-01 03:44:50.622 [info] Got 0 sessions for read:user,repo,user:email,workflow...
2025-08-01 03:44:50.623 [info] Getting sessions for user:email...
2025-08-01 03:44:50.623 [info] Got 1 sessions for user:email...
2025-08-01 03:45:00.396 [info] Getting sessions for all scopes...
2025-08-01 03:45:00.396 [info] Got 1 sessions for ...
2025-08-01 03:45:00.398 [info] Getting sessions for read:user,repo,user:email,workflow...
2025-08-01 03:45:00.398 [info] Got 0 sessions for read:user,repo,user:email,workflow...
2025-08-01 03:45:00.399 [info] Getting sessions for user:email...
2025-08-01 03:45:00.399 [info] Got 1 sessions for user:email...
2025-08-01 03:45:06.350 [info] Getting sessions for all scopes...
2025-08-01 03:45:06.350 [info] Got 1 sessions for ...
2025-08-01 03:45:06.351 [info] Getting sessions for read:user,repo,user:email,workflow...
2025-08-01 03:45:06.351 [info] Got 0 sessions for read:user,repo,user:email,workflow...
2025-08-01 03:45:06.351 [info] Getting sessions for user:email...
2025-08-01 03:45:06.351 [info] Got 1 sessions for user:email...
2025-08-01 03:45:19.901 [info] Getting sessions for all scopes...
2025-08-01 03:45:19.901 [info] Got 1 sessions for ...
2025-08-01 03:45:19.902 [info] Getting sessions for read:user,repo,user:email,workflow...
2025-08-01 03:45:19.902 [info] Got 0 sessions for read:user,repo,user:email,workflow...
2025-08-01 03:45:19.902 [info] Getting sessions for user:email...
2025-08-01 03:45:19.903 [info] Got 1 sessions for user:email...
2025-08-01 03:45:31.519 [info] Getting sessions for all scopes...
2025-08-01 03:45:31.520 [info] Got 1 sessions for ...
2025-08-01 03:45:31.521 [info] Getting sessions for read:user,repo,user:email,workflow...
2025-08-01 03:45:31.521 [info] Got 0 sessions for read:user,repo,user:email,workflow...
2025-08-01 03:45:31.523 [info] Getting sessions for user:email...
2025-08-01 03:45:31.523 [info] Got 1 sessions for user:email...
2025-08-01 03:45:42.574 [info] Getting sessions for all scopes...
2025-08-01 03:45:42.574 [info] Got 1 sessions for ...
2025-08-01 03:45:42.575 [info] Getting sessions for read:user,repo,user:email,workflow...
2025-08-01 03:45:42.575 [info] Got 0 sessions for read:user,repo,user:email,workflow...
2025-08-01 03:45:42.575 [info] Getting sessions for user:email...
2025-08-01 03:45:42.575 [info] Got 1 sessions for user:email...
2025-08-01 03:47:42.970 [info] Getting sessions for all scopes...
2025-08-01 03:47:42.970 [info] Got 1 sessions for ...
2025-08-01 03:47:42.971 [info] Getting sessions for read:user,repo,user:email,workflow...
2025-08-01 03:47:42.971 [info] Got 0 sessions for read:user,repo,user:email,workflow...
2025-08-01 03:47:42.971 [info] Getting sessions for user:email...
2025-08-01 03:47:42.971 [info] Got 1 sessions for user:email...
2025-08-01 03:48:15.874 [info] Getting sessions for all scopes...
2025-08-01 03:48:15.874 [info] Got 1 sessions for ...
2025-08-01 03:48:15.874 [info] Getting sessions for read:user,repo,user:email,workflow...
2025-08-01 03:48:15.874 [info] Got 0 sessions for read:user,repo,user:email,workflow...
2025-08-01 03:48:15.875 [info] Getting sessions for user:email...
2025-08-01 03:48:15.875 [info] Got 1 sessions for user:email...
2025-08-01 03:48:33.983 [info] Getting sessions for all scopes...
2025-08-01 03:48:33.983 [info] Got 1 sessions for ...
2025-08-01 03:48:33.983 [info] Getting sessions for read:user,repo,user:email,workflow...
2025-08-01 03:48:33.983 [info] Got 0 sessions for read:user,repo,user:email,workflow...
2025-08-01 03:48:33.983 [info] Getting sessions for user:email...
2025-08-01 03:48:33.983 [info] Got 1 sessions for user:email...
2025-08-01 03:49:47.191 [info] Getting sessions for all scopes...
2025-08-01 03:49:47.191 [info] Got 1 sessions for ...
2025-08-01 03:49:47.192 [info] Getting sessions for read:user,repo,user:email,workflow...
2025-08-01 03:49:47.192 [info] Got 0 sessions for read:user,repo,user:email,workflow...
2025-08-01 03:49:47.192 [info] Getting sessions for user:email...
2025-08-01 03:49:47.192 [info] Got 1 sessions for user:email...
2025-08-01 03:50:39.346 [info] Getting sessions for all scopes...
2025-08-01 03:50:39.346 [info] Got 1 sessions for ...
2025-08-01 03:50:39.347 [info] Getting sessions for read:user,repo,user:email,workflow...
2025-08-01 03:50:39.347 [info] Got 0 sessions for read:user,repo,user:email,workflow...
2025-08-01 03:50:39.348 [info] Getting sessions for user:email...
2025-08-01 03:50:39.348 [info] Got 1 sessions for user:email...
2025-08-01 03:51:31.154 [info] Getting sessions for all scopes...
2025-08-01 03:51:31.154 [info] Got 1 sessions for ...
2025-08-01 03:51:31.155 [info] Getting sessions for read:user,repo,user:email,workflow...
2025-08-01 03:51:31.155 [info] Got 0 sessions for read:user,repo,user:email,workflow...
2025-08-01 03:51:31.155 [info] Getting sessions for user:email...
2025-08-01 03:51:31.155 [info] Got 1 sessions for user:email...
2025-08-01 03:51:46.766 [info] Getting sessions for all scopes...
2025-08-01 03:51:46.766 [info] Got 1 sessions for ...
2025-08-01 03:51:46.767 [info] Getting sessions for read:user,repo,user:email,workflow...
2025-08-01 03:51:46.767 [info] Got 0 sessions for read:user,repo,user:email,workflow...
2025-08-01 03:51:46.767 [info] Getting sessions for user:email...
2025-08-01 03:51:46.767 [info] Got 1 sessions for user:email...
2025-08-01 03:55:07.140 [info] Getting sessions for all scopes...
2025-08-01 03:55:07.140 [info] Got 1 sessions for ...
2025-08-01 03:55:07.141 [info] Getting sessions for read:user,repo,user:email,workflow...
2025-08-01 03:55:07.141 [info] Got 0 sessions for read:user,repo,user:email,workflow...
2025-08-01 03:55:07.142 [info] Getting sessions for user:email...
2025-08-01 03:55:07.142 [info] Got 1 sessions for user:email...
2025-08-01 03:55:14.543 [info] Getting sessions for all scopes...
2025-08-01 03:55:14.543 [info] Got 1 sessions for ...
2025-08-01 03:55:14.544 [info] Getting sessions for read:user,repo,user:email,workflow...
2025-08-01 03:55:14.544 [info] Got 0 sessions for read:user,repo,user:email,workflow...
2025-08-01 03:55:14.545 [info] Getting sessions for user:email...
2025-08-01 03:55:14.545 [info] Got 1 sessions for user:email...
2025-08-01 03:56:27.543 [info] Getting sessions for all scopes...
2025-08-01 03:56:27.543 [info] Got 1 sessions for ...
2025-08-01 03:56:27.543 [info] Getting sessions for read:user,repo,user:email,workflow...
2025-08-01 03:56:27.543 [info] Got 0 sessions for read:user,repo,user:email,workflow...
2025-08-01 03:56:27.544 [info] Getting sessions for user:email...
2025-08-01 03:56:27.544 [info] Got 1 sessions for user:email...
2025-08-01 03:56:53.220 [info] Getting sessions for all scopes...
2025-08-01 03:56:53.220 [info] Got 1 sessions for ...
2025-08-01 03:56:53.220 [info] Getting sessions for read:user,repo,user:email,workflow...
2025-08-01 03:56:53.221 [info] Got 0 sessions for read:user,repo,user:email,workflow...
2025-08-01 03:56:53.221 [info] Getting sessions for user:email...
2025-08-01 03:56:53.221 [info] Got 1 sessions for user:email...
2025-08-01 03:57:32.032 [info] Getting sessions for all scopes...
2025-08-01 03:57:32.032 [info] Got 1 sessions for ...
2025-08-01 03:57:32.033 [info] Getting sessions for read:user,repo,user:email,workflow...
2025-08-01 03:57:32.033 [info] Got 0 sessions for read:user,repo,user:email,workflow...
2025-08-01 03:57:32.033 [info] Getting sessions for user:email...
2025-08-01 03:57:32.033 [info] Got 1 sessions for user:email...
2025-08-01 03:58:00.164 [info] Getting sessions for all scopes...
2025-08-01 03:58:00.164 [info] Got 1 sessions for ...
2025-08-01 03:58:00.164 [info] Getting sessions for read:user,repo,user:email,workflow...
2025-08-01 03:58:00.164 [info] Got 0 sessions for read:user,repo,user:email,workflow...
2025-08-01 03:58:00.165 [info] Getting sessions for user:email...
2025-08-01 03:58:00.165 [info] Got 1 sessions for user:email...
2025-08-01 03:58:07.896 [info] Getting sessions for all scopes...
2025-08-01 03:58:07.896 [info] Got 1 sessions for ...
2025-08-01 03:58:07.897 [info] Getting sessions for read:user,repo,user:email,workflow...
2025-08-01 03:58:07.897 [info] Got 0 sessions for read:user,repo,user:email,workflow...
2025-08-01 03:58:07.897 [info] Getting sessions for user:email...
2025-08-01 03:58:07.897 [info] Got 1 sessions for user:email...
2025-08-01 03:59:06.823 [info] Getting sessions for all scopes...
2025-08-01 03:59:06.823 [info] Got 1 sessions for ...
2025-08-01 03:59:06.824 [info] Getting sessions for read:user,repo,user:email,workflow...
2025-08-01 03:59:06.824 [info] Got 0 sessions for read:user,repo,user:email,workflow...
2025-08-01 03:59:06.825 [info] Getting sessions for user:email...
2025-08-01 03:59:06.825 [info] Got 1 sessions for user:email...
2025-08-01 03:59:41.814 [info] Getting sessions for all scopes...
2025-08-01 03:59:41.814 [info] Got 1 sessions for ...
2025-08-01 03:59:41.814 [info] Getting sessions for read:user,repo,user:email,workflow...
2025-08-01 03:59:41.814 [info] Got 0 sessions for read:user,repo,user:email,workflow...
2025-08-01 03:59:41.815 [info] Getting sessions for user:email...
2025-08-01 03:59:41.815 [info] Got 1 sessions for user:email...
2025-08-01 03:59:41.816 [info] Getting sessions for all scopes...
2025-08-01 03:59:41.816 [info] Got 1 sessions for ...
2025-08-01 03:59:41.817 [info] Getting sessions for read:user,repo,user:email,workflow...
2025-08-01 03:59:41.817 [info] Got 0 sessions for read:user,repo,user:email,workflow...
2025-08-01 03:59:41.817 [info] Getting sessions for user:email...
2025-08-01 03:59:41.817 [info] Got 1 sessions for user:email...
2025-08-01 03:59:43.078 [info] Getting sessions for all scopes...
2025-08-01 03:59:43.078 [info] Got 1 sessions for ...
2025-08-01 03:59:43.079 [info] Getting sessions for all scopes...
2025-08-01 03:59:43.079 [info] Got 1 sessions for ...
2025-08-01 03:59:43.079 [info] Getting sessions for read:user,repo,user:email,workflow...
2025-08-01 03:59:43.079 [info] Got 0 sessions for read:user,repo,user:email,workflow...
2025-08-01 03:59:43.080 [info] Getting sessions for user:email...
2025-08-01 03:59:43.080 [info] Got 1 sessions for user:email...
2025-08-01 03:59:43.080 [info] Getting sessions for read:user,repo,user:email,workflow...
2025-08-01 03:59:43.080 [info] Got 0 sessions for read:user,repo,user:email,workflow...
2025-08-01 03:59:43.081 [info] Getting sessions for all scopes...
2025-08-01 03:59:43.081 [info] Got 1 sessions for ...
2025-08-01 03:59:43.081 [info] Getting sessions for read:user,repo,user:email,workflow...
2025-08-01 03:59:43.081 [info] Got 0 sessions for read:user,repo,user:email,workflow...
2025-08-01 03:59:43.082 [info] Getting sessions for user:email...
2025-08-01 03:59:43.082 [info] Got 1 sessions for user:email...
2025-08-01 03:59:43.096 [info] Getting sessions for all scopes...
2025-08-01 03:59:43.096 [info] Got 1 sessions for ...
2025-08-01 03:59:43.097 [info] Getting sessions for all scopes...
2025-08-01 03:59:43.097 [info] Got 1 sessions for ...
2025-08-01 03:59:43.098 [info] Getting sessions for read:user,repo,user:email,workflow...
2025-08-01 03:59:43.098 [info] Got 0 sessions for read:user,repo,user:email,workflow...
2025-08-01 03:59:43.098 [info] Getting sessions for user:email...
2025-08-01 03:59:43.098 [info] Got 1 sessions for user:email...
2025-08-01 03:59:43.098 [info] Getting sessions for read:user,repo,user:email,workflow...
2025-08-01 03:59:43.098 [info] Got 0 sessions for read:user,repo,user:email,workflow...
2025-08-01 03:59:43.103 [info] Getting sessions for all scopes...
2025-08-01 03:59:43.103 [info] Got 1 sessions for ...
2025-08-01 03:59:43.104 [info] Getting sessions for all scopes...
2025-08-01 03:59:43.104 [info] Got 1 sessions for ...
2025-08-01 03:59:43.104 [info] Getting sessions for all scopes...
2025-08-01 03:59:43.104 [info] Got 1 sessions for ...
2025-08-01 03:59:43.106 [info] Getting sessions for read:user,repo,user:email,workflow...
2025-08-01 03:59:43.106 [info] Got 0 sessions for read:user,repo,user:email,workflow...
2025-08-01 03:59:43.106 [info] Getting sessions for user:email...
2025-08-01 03:59:43.106 [info] Got 1 sessions for user:email...
2025-08-01 03:59:43.789 [info] Getting sessions for all scopes...
2025-08-01 03:59:43.789 [info] Got 1 sessions for ...
2025-08-01 03:59:43.789 [info] Getting sessions for read:user,repo,user:email,workflow...
2025-08-01 03:59:43.789 [info] Got 0 sessions for read:user,repo,user:email,workflow...
2025-08-01 03:59:43.790 [info] Getting sessions for user:email...
2025-08-01 03:59:43.790 [info] Got 1 sessions for user:email...
2025-08-01 04:05:02.073 [info] Getting sessions for all scopes...
2025-08-01 04:05:02.073 [info] Got 1 sessions for ...
2025-08-01 04:05:02.076 [info] Getting sessions for read:user,repo,user:email,workflow...
2025-08-01 04:05:02.076 [info] Got 0 sessions for read:user,repo,user:email,workflow...
2025-08-01 04:05:02.077 [info] Getting sessions for user:email...
2025-08-01 04:05:02.077 [info] Got 1 sessions for user:email...
2025-08-01 04:05:32.796 [info] Getting sessions for all scopes...
2025-08-01 04:05:32.796 [info] Got 1 sessions for ...
2025-08-01 04:05:32.797 [info] Getting sessions for read:user,repo,user:email,workflow...
2025-08-01 04:05:32.797 [info] Got 0 sessions for read:user,repo,user:email,workflow...
2025-08-01 04:05:32.797 [info] Getting sessions for user:email...
2025-08-01 04:05:32.797 [info] Got 1 sessions for user:email...
2025-08-01 04:05:36.607 [info] Getting sessions for all scopes...
2025-08-01 04:05:36.607 [info] Got 1 sessions for ...
2025-08-01 04:05:36.608 [info] Getting sessions for read:user,repo,user:email,workflow...
2025-08-01 04:05:36.608 [info] Got 0 sessions for read:user,repo,user:email,workflow...
2025-08-01 04:05:36.609 [info] Getting sessions for user:email...
2025-08-01 04:05:36.609 [info] Got 1 sessions for user:email...
2025-08-01 04:05:41.929 [info] Getting sessions for all scopes...
2025-08-01 04:05:41.929 [info] Got 1 sessions for ...
2025-08-01 04:05:41.930 [info] Getting sessions for read:user,repo,user:email,workflow...
2025-08-01 04:05:41.930 [info] Got 0 sessions for read:user,repo,user:email,workflow...
2025-08-01 04:05:41.930 [info] Getting sessions for user:email...
2025-08-01 04:05:41.930 [info] Got 1 sessions for user:email...
2025-08-01 04:14:43.103 [info] Getting sessions for all scopes...
2025-08-01 04:14:43.103 [info] Got 1 sessions for ...
2025-08-01 04:14:43.104 [info] Getting sessions for read:user,repo,user:email,workflow...
2025-08-01 04:14:43.104 [info] Got 0 sessions for read:user,repo,user:email,workflow...
2025-08-01 04:14:43.105 [info] Getting sessions for user:email...
2025-08-01 04:14:43.105 [info] Got 1 sessions for user:email...
2025-08-01 04:25:05.215 [info] Getting sessions for all scopes...
2025-08-01 04:25:05.215 [info] Got 1 sessions for ...
2025-08-01 04:25:05.216 [info] Getting sessions for read:user,repo,user:email,workflow...
2025-08-01 04:25:05.216 [info] Got 0 sessions for read:user,repo,user:email,workflow...
2025-08-01 04:25:05.217 [info] Getting sessions for user:email...
2025-08-01 04:25:05.217 [info] Got 1 sessions for user:email...
2025-08-01 04:26:44.860 [info] Getting sessions for all scopes...
2025-08-01 04:26:44.860 [info] Got 1 sessions for ...
2025-08-01 04:26:44.861 [info] Getting sessions for read:user,repo,user:email,workflow...
2025-08-01 04:26:44.861 [info] Got 0 sessions for read:user,repo,user:email,workflow...
2025-08-01 04:26:44.861 [info] Getting sessions for user:email...
2025-08-01 04:26:44.861 [info] Got 1 sessions for user:email...
